Archive member included to satisfy reference by file (symbol)

c:/winavr-20100110/bin/../lib/gcc/avr/4.9.2/avr6\libgcc.a(_umulhisi3.o)
                              ./src/pff.o (__umulhisi3)
c:/winavr-20100110/bin/../lib/gcc/avr/4.9.2/avr6\libgcc.a(_muluhisi3.o)
                              ./src/pff.o (__muluhisi3)
c:/winavr-20100110/bin/../lib/gcc/avr/4.9.2/avr6\libgcc.a(_udivmodqi4.o)
                              ./src/sha1.o (__udivmodqi4)
c:/winavr-20100110/bin/../lib/gcc/avr/4.9.2/avr6\libgcc.a(_udivmodsi4.o)
                              ./src/pff.o (__udivmodsi4)
c:/winavr-20100110/bin/../lib/gcc/avr/4.9.2/avr6\libgcc.a(_exit.o)
                              c:/winavr-20100110/bin/../lib/gcc/avr/4.9.2/../../../../avr/lib/avr6/crtm2560.o (exit)
c:/winavr-20100110/bin/../lib/gcc/avr/4.9.2/avr6\libgcc.a(_copy_data.o)
                              ./src/aes.o (__do_copy_data)
c:/winavr-20100110/bin/../lib/gcc/avr/4.9.2/avr6\libgcc.a(_clear_bss.o)
                              ./src/aes.o (__do_clear_bss)
c:/winavr-20100110/bin/../lib/gcc/avr/4.9.2/../../../../avr/lib/avr6\libc.a(memcmp.o)
                              ./src/main.o (memcmp)
c:/winavr-20100110/bin/../lib/gcc/avr/4.9.2/../../../../avr/lib/avr6\libc.a(memcpy.o)
                              ./src/aes.o (memcpy)
c:/winavr-20100110/bin/../lib/gcc/avr/4.9.2/../../../../avr/lib/avr6\libc.a(memset.o)
                              ./src/pff.o (memset)

Allocating common symbols
Common symbol       size              file

CardType            0x1               ./src/mmc.o
fs                  0x24              ./src/sdFile.o
dataSource          0x1               ./src/main.o

Discarded input sections

 .data          0x00000000        0x0 c:/winavr-20100110/bin/../lib/gcc/avr/4.9.2/../../../../avr/lib/avr6/crtm2560.o
 .bss           0x00000000        0x0 c:/winavr-20100110/bin/../lib/gcc/avr/4.9.2/../../../../avr/lib/avr6/crtm2560.o
 .text          0x00000000        0x0 ./src/aes.o
 .data          0x00000000        0x0 ./src/aes.o
 .bss           0x00000000        0x0 ./src/aes.o
 .text.SubBytes
                0x00000000       0x2e ./src/aes.o
 .text.ShiftRows
                0x00000000       0x3a ./src/aes.o
 .text.Cipher   0x00000000      0x112 ./src/aes.o
 .text.AES_ECB_encrypt
                0x00000000       0x36 ./src/aes.o
 .text.AES_ECB_decrypt
                0x00000000       0x36 ./src/aes.o
 .text.AES_CBC_encrypt_buffer
                0x00000000       0xe6 ./src/aes.o
 .text          0x00000000        0x0 ./src/crc.o
 .data          0x00000000        0x0 ./src/crc.o
 .bss           0x00000000        0x0 ./src/crc.o
 .text          0x00000000        0x0 ./src/jedecFlash.o
 .data          0x00000000        0x0 ./src/jedecFlash.o
 .bss           0x00000000        0x0 ./src/jedecFlash.o
 .text.SPIXfer3
                0x00000000       0x1c ./src/jedecFlash.o
 .text.FlashGetCapacity
                0x00000000       0x7c ./src/jedecFlash.o
 .text.FlashCRC
                0x00000000       0xb4 ./src/jedecFlash.o
 .text          0x00000000        0x0 ./src/main.o
 .data          0x00000000        0x0 ./src/main.o
 .bss           0x00000000        0x0 ./src/main.o
 .rodata.firmwareSize
                0x00000000        0x4 ./src/main.o
 .rodata.firmwareAddress
                0x00000000        0x4 ./src/main.o
 .rodata.aesIVSize
                0x00000000        0x4 ./src/main.o
 .rodata.aesIvAddress
                0x00000000        0x4 ./src/main.o
 .rodata.signatureSize
                0x00000000        0x4 ./src/main.o
 .rodata.signatureAddress
                0x00000000        0x4 ./src/main.o
 .rodata.fileIDSize
                0x00000000        0x4 ./src/main.o
 .rodata.fileIDAddress
                0x00000000        0x4 ./src/main.o
 .rodata.flashOffset
                0x00000000        0x2 ./src/main.o
 .rodata.flashEraseBlockSize
                0x00000000        0x2 ./src/main.o
 .text          0x00000000        0x0 ./src/mmc.o
 .data          0x00000000        0x0 ./src/mmc.o
 .bss           0x00000000        0x0 ./src/mmc.o
 .text          0x00000000        0x0 ./src/pff.o
 .data          0x00000000        0x0 ./src/pff.o
 .bss           0x00000000        0x0 ./src/pff.o
 .text          0x00000000        0x0 ./src/sdFile.o
 .data          0x00000000        0x0 ./src/sdFile.o
 .bss           0x00000000        0x0 ./src/sdFile.o
 .text          0x00000000        0x0 ./src/sha1.o
 .data          0x00000000        0x0 ./src/sha1.o
 .bss           0x00000000        0x0 ./src/sha1.o
 .text.sha_pad  0x00000000       0x2a ./src/sha1.o
 .text          0x00000000        0x0 ./src/spi.o
 .data          0x00000000        0x0 ./src/spi.o
 .bss           0x00000000        0x0 ./src/spi.o
 .text          0x00000000        0x0 ./src/usart.o
 .data          0x00000000        0x0 ./src/usart.o
 .bss           0x00000000        0x0 ./src/usart.o
 .text          0x00000000        0x0 c:/winavr-20100110/bin/../lib/gcc/avr/4.9.2/avr6\libgcc.a(_umulhisi3.o)
 .data          0x00000000        0x0 c:/winavr-20100110/bin/../lib/gcc/avr/4.9.2/avr6\libgcc.a(_umulhisi3.o)
 .bss           0x00000000        0x0 c:/winavr-20100110/bin/../lib/gcc/avr/4.9.2/avr6\libgcc.a(_umulhisi3.o)
 .text.libgcc.div
                0x00000000        0x0 c:/winavr-20100110/bin/../lib/gcc/avr/4.9.2/avr6\libgcc.a(_umulhisi3.o)
 .text.libgcc   0x00000000        0x0 c:/winavr-20100110/bin/../lib/gcc/avr/4.9.2/avr6\libgcc.a(_umulhisi3.o)
 .text.libgcc.prologue
                0x00000000        0x0 c:/winavr-20100110/bin/../lib/gcc/avr/4.9.2/avr6\libgcc.a(_umulhisi3.o)
 .text.libgcc.builtins
                0x00000000        0x0 c:/winavr-20100110/bin/../lib/gcc/avr/4.9.2/avr6\libgcc.a(_umulhisi3.o)
 .text.libgcc.fmul
                0x00000000        0x0 c:/winavr-20100110/bin/../lib/gcc/avr/4.9.2/avr6\libgcc.a(_umulhisi3.o)
 .text.libgcc.fixed
                0x00000000        0x0 c:/winavr-20100110/bin/../lib/gcc/avr/4.9.2/avr6\libgcc.a(_umulhisi3.o)
 .text          0x00000000        0x0 c:/winavr-20100110/bin/../lib/gcc/avr/4.9.2/avr6\libgcc.a(_muluhisi3.o)
 .data          0x00000000        0x0 c:/winavr-20100110/bin/../lib/gcc/avr/4.9.2/avr6\libgcc.a(_muluhisi3.o)
 .bss           0x00000000        0x0 c:/winavr-20100110/bin/../lib/gcc/avr/4.9.2/avr6\libgcc.a(_muluhisi3.o)
 .text.libgcc.div
                0x00000000        0x0 c:/winavr-20100110/bin/../lib/gcc/avr/4.9.2/avr6\libgcc.a(_muluhisi3.o)
 .text.libgcc   0x00000000        0x0 c:/winavr-20100110/bin/../lib/gcc/avr/4.9.2/avr6\libgcc.a(_muluhisi3.o)
 .text.libgcc.prologue
                0x00000000        0x0 c:/winavr-20100110/bin/../lib/gcc/avr/4.9.2/avr6\libgcc.a(_muluhisi3.o)
 .text.libgcc.builtins
                0x00000000        0x0 c:/winavr-20100110/bin/../lib/gcc/avr/4.9.2/avr6\libgcc.a(_muluhisi3.o)
 .text.libgcc.fmul
                0x00000000        0x0 c:/winavr-20100110/bin/../lib/gcc/avr/4.9.2/avr6\libgcc.a(_muluhisi3.o)
 .text.libgcc.fixed
                0x00000000        0x0 c:/winavr-20100110/bin/../lib/gcc/avr/4.9.2/avr6\libgcc.a(_muluhisi3.o)
 .text          0x00000000        0x0 c:/winavr-20100110/bin/../lib/gcc/avr/4.9.2/avr6\libgcc.a(_udivmodqi4.o)
 .data          0x00000000        0x0 c:/winavr-20100110/bin/../lib/gcc/avr/4.9.2/avr6\libgcc.a(_udivmodqi4.o)
 .bss           0x00000000        0x0 c:/winavr-20100110/bin/../lib/gcc/avr/4.9.2/avr6\libgcc.a(_udivmodqi4.o)
 .text.libgcc.mul
                0x00000000        0x0 c:/winavr-20100110/bin/../lib/gcc/avr/4.9.2/avr6\libgcc.a(_udivmodqi4.o)
 .text.libgcc   0x00000000        0x0 c:/winavr-20100110/bin/../lib/gcc/avr/4.9.2/avr6\libgcc.a(_udivmodqi4.o)
 .text.libgcc.prologue
                0x00000000        0x0 c:/winavr-20100110/bin/../lib/gcc/avr/4.9.2/avr6\libgcc.a(_udivmodqi4.o)
 .text.libgcc.builtins
                0x00000000        0x0 c:/winavr-20100110/bin/../lib/gcc/avr/4.9.2/avr6\libgcc.a(_udivmodqi4.o)
 .text.libgcc.fmul
                0x00000000        0x0 c:/winavr-20100110/bin/../lib/gcc/avr/4.9.2/avr6\libgcc.a(_udivmodqi4.o)
 .text.libgcc.fixed
                0x00000000        0x0 c:/winavr-20100110/bin/../lib/gcc/avr/4.9.2/avr6\libgcc.a(_udivmodqi4.o)
 .text          0x00000000        0x0 c:/winavr-20100110/bin/../lib/gcc/avr/4.9.2/avr6\libgcc.a(_udivmodsi4.o)
 .data          0x00000000        0x0 c:/winavr-20100110/bin/../lib/gcc/avr/4.9.2/avr6\libgcc.a(_udivmodsi4.o)
 .bss           0x00000000        0x0 c:/winavr-20100110/bin/../lib/gcc/avr/4.9.2/avr6\libgcc.a(_udivmodsi4.o)
 .text.libgcc.mul
                0x00000000        0x0 c:/winavr-20100110/bin/../lib/gcc/avr/4.9.2/avr6\libgcc.a(_udivmodsi4.o)
 .text.libgcc   0x00000000        0x0 c:/winavr-20100110/bin/../lib/gcc/avr/4.9.2/avr6\libgcc.a(_udivmodsi4.o)
 .text.libgcc.prologue
                0x00000000        0x0 c:/winavr-20100110/bin/../lib/gcc/avr/4.9.2/avr6\libgcc.a(_udivmodsi4.o)
 .text.libgcc.builtins
                0x00000000        0x0 c:/winavr-20100110/bin/../lib/gcc/avr/4.9.2/avr6\libgcc.a(_udivmodsi4.o)
 .text.libgcc.fmul
                0x00000000        0x0 c:/winavr-20100110/bin/../lib/gcc/avr/4.9.2/avr6\libgcc.a(_udivmodsi4.o)
 .text.libgcc.fixed
                0x00000000        0x0 c:/winavr-20100110/bin/../lib/gcc/avr/4.9.2/avr6\libgcc.a(_udivmodsi4.o)
 .text          0x00000000        0x0 c:/winavr-20100110/bin/../lib/gcc/avr/4.9.2/avr6\libgcc.a(_exit.o)
 .data          0x00000000        0x0 c:/winavr-20100110/bin/../lib/gcc/avr/4.9.2/avr6\libgcc.a(_exit.o)
 .bss           0x00000000        0x0 c:/winavr-20100110/bin/../lib/gcc/avr/4.9.2/avr6\libgcc.a(_exit.o)
 .text.libgcc.mul
                0x00000000        0x0 c:/winavr-20100110/bin/../lib/gcc/avr/4.9.2/avr6\libgcc.a(_exit.o)
 .text.libgcc.div
                0x00000000        0x0 c:/winavr-20100110/bin/../lib/gcc/avr/4.9.2/avr6\libgcc.a(_exit.o)
 .text.libgcc   0x00000000        0x0 c:/winavr-20100110/bin/../lib/gcc/avr/4.9.2/avr6\libgcc.a(_exit.o)
 .text.libgcc.prologue
                0x00000000        0x0 c:/winavr-20100110/bin/../lib/gcc/avr/4.9.2/avr6\libgcc.a(_exit.o)
 .text.libgcc.builtins
                0x00000000        0x0 c:/winavr-20100110/bin/../lib/gcc/avr/4.9.2/avr6\libgcc.a(_exit.o)
 .text.libgcc.fmul
                0x00000000        0x0 c:/winavr-20100110/bin/../lib/gcc/avr/4.9.2/avr6\libgcc.a(_exit.o)
 .text.libgcc.fixed
                0x00000000        0x0 c:/winavr-20100110/bin/../lib/gcc/avr/4.9.2/avr6\libgcc.a(_exit.o)
 .text          0x00000000        0x0 c:/winavr-20100110/bin/../lib/gcc/avr/4.9.2/avr6\libgcc.a(_copy_data.o)
 .data          0x00000000        0x0 c:/winavr-20100110/bin/../lib/gcc/avr/4.9.2/avr6\libgcc.a(_copy_data.o)
 .bss           0x00000000        0x0 c:/winavr-20100110/bin/../lib/gcc/avr/4.9.2/avr6\libgcc.a(_copy_data.o)
 .text.libgcc.mul
                0x00000000        0x0 c:/winavr-20100110/bin/../lib/gcc/avr/4.9.2/avr6\libgcc.a(_copy_data.o)
 .text.libgcc.div
                0x00000000        0x0 c:/winavr-20100110/bin/../lib/gcc/avr/4.9.2/avr6\libgcc.a(_copy_data.o)
 .text.libgcc   0x00000000        0x0 c:/winavr-20100110/bin/../lib/gcc/avr/4.9.2/avr6\libgcc.a(_copy_data.o)
 .text.libgcc.prologue
                0x00000000        0x0 c:/winavr-20100110/bin/../lib/gcc/avr/4.9.2/avr6\libgcc.a(_copy_data.o)
 .text.libgcc.builtins
                0x00000000        0x0 c:/winavr-20100110/bin/../lib/gcc/avr/4.9.2/avr6\libgcc.a(_copy_data.o)
 .text.libgcc.fmul
                0x00000000        0x0 c:/winavr-20100110/bin/../lib/gcc/avr/4.9.2/avr6\libgcc.a(_copy_data.o)
 .text.libgcc.fixed
                0x00000000        0x0 c:/winavr-20100110/bin/../lib/gcc/avr/4.9.2/avr6\libgcc.a(_copy_data.o)
 .text          0x00000000        0x0 c:/winavr-20100110/bin/../lib/gcc/avr/4.9.2/avr6\libgcc.a(_clear_bss.o)
 .data          0x00000000        0x0 c:/winavr-20100110/bin/../lib/gcc/avr/4.9.2/avr6\libgcc.a(_clear_bss.o)
 .bss           0x00000000        0x0 c:/winavr-20100110/bin/../lib/gcc/avr/4.9.2/avr6\libgcc.a(_clear_bss.o)
 .text.libgcc.mul
                0x00000000        0x0 c:/winavr-20100110/bin/../lib/gcc/avr/4.9.2/avr6\libgcc.a(_clear_bss.o)
 .text.libgcc.div
                0x00000000        0x0 c:/winavr-20100110/bin/../lib/gcc/avr/4.9.2/avr6\libgcc.a(_clear_bss.o)
 .text.libgcc   0x00000000        0x0 c:/winavr-20100110/bin/../lib/gcc/avr/4.9.2/avr6\libgcc.a(_clear_bss.o)
 .text.libgcc.prologue
                0x00000000        0x0 c:/winavr-20100110/bin/../lib/gcc/avr/4.9.2/avr6\libgcc.a(_clear_bss.o)
 .text.libgcc.builtins
                0x00000000        0x0 c:/winavr-20100110/bin/../lib/gcc/avr/4.9.2/avr6\libgcc.a(_clear_bss.o)
 .text.libgcc.fmul
                0x00000000        0x0 c:/winavr-20100110/bin/../lib/gcc/avr/4.9.2/avr6\libgcc.a(_clear_bss.o)
 .text.libgcc.fixed
                0x00000000        0x0 c:/winavr-20100110/bin/../lib/gcc/avr/4.9.2/avr6\libgcc.a(_clear_bss.o)
 .text          0x00000000        0x0 c:/winavr-20100110/bin/../lib/gcc/avr/4.9.2/../../../../avr/lib/avr6\libc.a(memcmp.o)
 .data          0x00000000        0x0 c:/winavr-20100110/bin/../lib/gcc/avr/4.9.2/../../../../avr/lib/avr6\libc.a(memcmp.o)
 .bss           0x00000000        0x0 c:/winavr-20100110/bin/../lib/gcc/avr/4.9.2/../../../../avr/lib/avr6\libc.a(memcmp.o)
 .text          0x00000000        0x0 c:/winavr-20100110/bin/../lib/gcc/avr/4.9.2/../../../../avr/lib/avr6\libc.a(memcpy.o)
 .data          0x00000000        0x0 c:/winavr-20100110/bin/../lib/gcc/avr/4.9.2/../../../../avr/lib/avr6\libc.a(memcpy.o)
 .bss           0x00000000        0x0 c:/winavr-20100110/bin/../lib/gcc/avr/4.9.2/../../../../avr/lib/avr6\libc.a(memcpy.o)
 .text.avr-libc
                0x00000000       0x12 c:/winavr-20100110/bin/../lib/gcc/avr/4.9.2/../../../../avr/lib/avr6\libc.a(memcpy.o)
 .text          0x00000000        0x0 c:/winavr-20100110/bin/../lib/gcc/avr/4.9.2/../../../../avr/lib/avr6\libc.a(memset.o)
 .data          0x00000000        0x0 c:/winavr-20100110/bin/../lib/gcc/avr/4.9.2/../../../../avr/lib/avr6\libc.a(memset.o)
 .bss           0x00000000        0x0 c:/winavr-20100110/bin/../lib/gcc/avr/4.9.2/../../../../avr/lib/avr6\libc.a(memset.o)

Memory Configuration

Name             Origin             Length             Attributes
text             0x00000000         0x00100000         xr
data             0x00800200         0x0000fe00         rw !x
eeprom           0x00810000         0x00010000         rw !x
fuse             0x00820000         0x00000400         rw !x
lock             0x00830000         0x00000400         rw !x
signature        0x00840000         0x00000400         rw !x
*default*        0x00000000         0xffffffff

Linker script and memory map

Address of section .data set to 0x800200
LOAD c:/winavr-20100110/bin/../lib/gcc/avr/4.9.2/../../../../avr/lib/avr6/crtm2560.o
Address of section .text set to 0x3e000
LOAD ./src/aes.o
LOAD ./src/crc.o
LOAD ./src/jedecFlash.o
LOAD ./src/main.o
LOAD ./src/mmc.o
LOAD ./src/pff.o
LOAD ./src/sdFile.o
LOAD ./src/sha1.o
LOAD ./src/spi.o
LOAD ./src/usart.o
LOAD c:/winavr-20100110/bin/../lib/gcc/avr/4.9.2/../../../../avr/lib/avr6\libm.a
Address of section .FW set to 0x3df00
Address of section .XMEM set to 0x802200
LOAD c:/winavr-20100110/bin/../lib/gcc/avr/4.9.2/avr6\libgcc.a
LOAD c:/winavr-20100110/bin/../lib/gcc/avr/4.9.2/../../../../avr/lib/avr6\libm.a
LOAD c:/winavr-20100110/bin/../lib/gcc/avr/4.9.2/../../../../avr/lib/avr6\libc.a
START GROUP
LOAD c:/winavr-20100110/bin/../lib/gcc/avr/4.9.2/avr6\libgcc.a
LOAD c:/winavr-20100110/bin/../lib/gcc/avr/4.9.2/../../../../avr/lib/avr6\libm.a
LOAD c:/winavr-20100110/bin/../lib/gcc/avr/4.9.2/../../../../avr/lib/avr6\libc.a
END GROUP

.hash
 *(.hash)

.dynsym
 *(.dynsym)

.dynstr
 *(.dynstr)

.gnu.version
 *(.gnu.version)

.gnu.version_d
 *(.gnu.version_d)

.gnu.version_r
 *(.gnu.version_r)

.rel.init
 *(.rel.init)

.rela.init
 *(.rela.init)

.rel.text
 *(.rel.text)
 *(.rel.text.*)
 *(.rel.gnu.linkonce.t*)

.rela.text
 *(.rela.text)
 *(.rela.text.*)
 *(.rela.gnu.linkonce.t*)

.rel.fini
 *(.rel.fini)

.rela.fini
 *(.rela.fini)

.rel.rodata
 *(.rel.rodata)
 *(.rel.rodata.*)
 *(.rel.gnu.linkonce.r*)

.rela.rodata
 *(.rela.rodata)
 *(.rela.rodata.*)
 *(.rela.gnu.linkonce.r*)

.rel.data
 *(.rel.data)
 *(.rel.data.*)
 *(.rel.gnu.linkonce.d*)

.rela.data
 *(.rela.data)
 *(.rela.data.*)
 *(.rela.gnu.linkonce.d*)

.rel.ctors
 *(.rel.ctors)

.rela.ctors
 *(.rela.ctors)

.rel.dtors
 *(.rel.dtors)

.rela.dtors
 *(.rela.dtors)

.rel.got
 *(.rel.got)

.rela.got
 *(.rela.got)

.rel.bss
 *(.rel.bss)

.rela.bss
 *(.rela.bss)

.rel.plt
 *(.rel.plt)

.rela.plt
 *(.rela.plt)

.text           0x0003e000     0x1f2a
 *(.vectors)
 .vectors       0x0003e000       0xe4 c:/winavr-20100110/bin/../lib/gcc/avr/4.9.2/../../../../avr/lib/avr6/crtm2560.o
                0x0003e000                __vector_default
                0x0003e000                __vectors
 *(.vectors)
 *(.progmem.gcc*)
                0x0003e0e4                . = ALIGN (0x2)
                0x0003e0e4                __trampolines_start = .
 *(.trampolines)
 .trampolines   0x0003e0e4        0x0 linker stubs
 *(.trampolines*)
                0x0003e0e4                __trampolines_end = .
 *(.progmem*)
                0x0003e0e4                . = ALIGN (0x2)
 *(.jumptables)
 *(.jumptables*)
 *(.lowtext)
 *(.lowtext*)
                0x0003e0e4                __ctors_start = .
 *(.ctors)
                0x0003e0e4                __ctors_end = .
                0x0003e0e4                __dtors_start = .
 *(.dtors)
                0x0003e0e4                __dtors_end = .
 SORT(*)(.ctors)
 SORT(*)(.dtors)
 *(.init0)
 .init0         0x0003e0e4        0x0 c:/winavr-20100110/bin/../lib/gcc/avr/4.9.2/../../../../avr/lib/avr6/crtm2560.o
                0x0003e0e4                __init
 *(.init0)
 *(.init1)
 *(.init1)
 *(.init2)
 .init2         0x0003e0e4       0x10 c:/winavr-20100110/bin/../lib/gcc/avr/4.9.2/../../../../avr/lib/avr6/crtm2560.o
 *(.init2)
 *(.init3)
 *(.init3)
 *(.init4)
 .init4         0x0003e0f4       0x1a c:/winavr-20100110/bin/../lib/gcc/avr/4.9.2/avr6\libgcc.a(_copy_data.o)
                0x0003e0f4                __do_copy_data
 .init4         0x0003e10e       0x10 c:/winavr-20100110/bin/../lib/gcc/avr/4.9.2/avr6\libgcc.a(_clear_bss.o)
                0x0003e10e                __do_clear_bss
 *(.init4)
 *(.init5)
 *(.init5)
 *(.init6)
 *(.init6)
 *(.init7)
 *(.init7)
 *(.init8)
 *(.init8)
 *(.init9)
 .init9         0x0003e11e        0x6 c:/winavr-20100110/bin/../lib/gcc/avr/4.9.2/../../../../avr/lib/avr6/crtm2560.o
 *(.init9)
 *(.text)
 .text          0x0003e124        0x2 c:/winavr-20100110/bin/../lib/gcc/avr/4.9.2/../../../../avr/lib/avr6/crtm2560.o
                0x0003e124                __vector_38
                0x0003e124                __vector_22
                0x0003e124                __vector_28
                0x0003e124                __vector_1
                0x0003e124                __vector_32
                0x0003e124                __vector_34
                0x0003e124                __vector_24
                0x0003e124                __vector_12
                0x0003e124                __vector_55
                0x0003e124                __vector_46
                0x0003e124                __bad_interrupt
                0x0003e124                __vector_6
                0x0003e124                __vector_31
                0x0003e124                __vector_35
                0x0003e124                __vector_39
                0x0003e124                __vector_3
                0x0003e124                __vector_23
                0x0003e124                __vector_30
                0x0003e124                __vector_45
                0x0003e124                __vector_25
                0x0003e124                __vector_11
                0x0003e124                __vector_54
                0x0003e124                __vector_13
                0x0003e124                __vector_17
                0x0003e124                __vector_19
                0x0003e124                __vector_56
                0x0003e124                __vector_7
                0x0003e124                __vector_49
                0x0003e124                __vector_41
                0x0003e124                __vector_43
                0x0003e124                __vector_27
                0x0003e124                __vector_5
                0x0003e124                __vector_33
                0x0003e124                __vector_47
                0x0003e124                __vector_52
                0x0003e124                __vector_37
                0x0003e124                __vector_4
                0x0003e124                __vector_44
                0x0003e124                __vector_51
                0x0003e124                __vector_9
                0x0003e124                __vector_2
                0x0003e124                __vector_21
                0x0003e124                __vector_15
                0x0003e124                __vector_36
                0x0003e124                __vector_29
                0x0003e124                __vector_40
                0x0003e124                __vector_8
                0x0003e124                __vector_26
                0x0003e124                __vector_48
                0x0003e124                __vector_14
                0x0003e124                __vector_53
                0x0003e124                __vector_10
                0x0003e124                __vector_50
                0x0003e124                __vector_16
                0x0003e124                __vector_18
                0x0003e124                __vector_20
                0x0003e124                __vector_42
                0x0003e126                . = ALIGN (0x2)
 *(.text.*)
 .text.AddRoundKey
                0x0003e126       0x52 ./src/aes.o
 .text.xtime    0x0003e178       0x16 ./src/aes.o
 .text.InvCipher
                0x0003e18e      0x1dc ./src/aes.o
 .text.XorWithIv
                0x0003e36a       0x1c ./src/aes.o
 .text.KeyExpansion
                0x0003e386      0x128 ./src/aes.o
 .text.AES_CBC_decrypt_buffer
                0x0003e4ae       0x90 ./src/aes.o
                0x0003e4ae                AES_CBC_decrypt_buffer
 .text.CRC      0x0003e53e       0x1e ./src/crc.o
                0x0003e53e                CRC
 .text.FlashInit
                0x0003e55c       0x16 ./src/jedecFlash.o
                0x0003e55c                FlashInit
 .text.FlashDeInit
                0x0003e572       0x16 ./src/jedecFlash.o
                0x0003e572                FlashDeInit
 .text.FlashGetStatus1
                0x0003e588       0x26 ./src/jedecFlash.o
                0x0003e588                FlashGetStatus1
 .text.FlashBusy
                0x0003e5ae        0x6 ./src/jedecFlash.o
                0x0003e5ae                FlashBusy
 .text.FlashWriteEnable
                0x0003e5b4       0x20 ./src/jedecFlash.o
                0x0003e5b4                FlashWriteEnable
 .text.FlashWriteDisable
                0x0003e5d4       0x20 ./src/jedecFlash.o
                0x0003e5d4                FlashWriteDisable
 .text.FlashEraseBlock
                0x0003e5f4       0x58 ./src/jedecFlash.o
                0x0003e5f4                FlashEraseBlock
 .text.FlashRead
                0x0003e64c       0x86 ./src/jedecFlash.o
                0x0003e64c                FlashRead
 .text.Read     0x0003e6d2       0x2e ./src/main.o
                0x0003e6d2                Read
 .text.boot_program_page
                0x0003e700       0x74 ./src/main.o
                0x0003e700                boot_program_page
 .text.BootLoader
                0x0003e774      0x394 ./src/main.o
                0x0003e774                BootLoader
 .text.startup.main
                0x0003eb08       0x7e ./src/main.o
                0x0003eb08                main
 .text.send_cmd
                0x0003eb86       0x82 ./src/mmc.o
 .text.disk_initialize
                0x0003ec08      0x17a ./src/mmc.o
                0x0003ec08                disk_initialize
 .text.disk_readp
                0x0003ed82       0xae ./src/mmc.o
                0x0003ed82                disk_readp
 .text.clust2sect
                0x0003ee30       0x46 ./src/pff.o
 .text.dir_rewind
                0x0003ee76       0x58 ./src/pff.o
 .text.get_fat  0x0003eece       0x7c ./src/pff.o
 .text.check_fs
                0x0003ef4a       0x7a ./src/pff.o
 .text.pf_mount
                0x0003efc4      0x2be ./src/pff.o
                0x0003efc4                pf_mount
 .text.pf_open  0x0003f282      0x274 ./src/pff.o
                0x0003f282                pf_open
 .text.pf_read  0x0003f4f6      0x186 ./src/pff.o
                0x0003f4f6                pf_read
 .text.SDInit   0x0003f67c       0x1a ./src/sdFile.o
                0x0003f67c                SDInit
 .text.SDRead   0x0003f696       0x54 ./src/sdFile.o
                0x0003f696                SDRead
 .text.sha1_helper
                0x0003f6ea       0x82 ./src/sha1.o
                0x0003f6ea                sha1_helper
 .text.sha1_transform
                0x0003f76c      0x306 ./src/sha1.o
                0x0003f76c                sha1_transform
 .text.sha1_init
                0x0003fa72       0x5e ./src/sha1.o
                0x0003fa72                sha1_init
 .text.sha1_update
                0x0003fad0       0x86 ./src/sha1.o
                0x0003fad0                sha1_update
 .text.sha1_final
                0x0003fb56      0x102 ./src/sha1.o
                0x0003fb56                sha1_final
 .text.SPIInit  0x0003fc58       0x10 ./src/spi.o
                0x0003fc58                SPIInit
 .text.SPIDeInit
                0x0003fc68        0xa ./src/spi.o
                0x0003fc68                SPIDeInit
 .text.SPIXfer  0x0003fc72        0xc ./src/spi.o
                0x0003fc72                SPIXfer
 .text.UartInit
                0x0003fc7e       0x12 ./src/usart.o
                0x0003fc7e                UartInit
 .text.UartDeInit
                0x0003fc90        0xe ./src/usart.o
                0x0003fc90                UartDeInit
 .text.UartPutC
                0x0003fc9e        0xe ./src/usart.o
                0x0003fc9e                UartPutC
 .text.UartGetC
                0x0003fcac       0x2e ./src/usart.o
                0x0003fcac                UartGetC
 .text.UartRead
                0x0003fcda      0x196 ./src/usart.o
                0x0003fcda                UartRead
 .text.libgcc.mul
                0x0003fe70       0x1e c:/winavr-20100110/bin/../lib/gcc/avr/4.9.2/avr6\libgcc.a(_umulhisi3.o)
                0x0003fe70                __umulhisi3
 .text.libgcc.mul
                0x0003fe8e       0x14 c:/winavr-20100110/bin/../lib/gcc/avr/4.9.2/avr6\libgcc.a(_muluhisi3.o)
                0x0003fe8e                __muluhisi3
 .text.libgcc.div
                0x0003fea2       0x18 c:/winavr-20100110/bin/../lib/gcc/avr/4.9.2/avr6\libgcc.a(_udivmodqi4.o)
                0x0003fea2                __udivmodqi4
 .text.libgcc.div
                0x0003feba       0x44 c:/winavr-20100110/bin/../lib/gcc/avr/4.9.2/avr6\libgcc.a(_udivmodsi4.o)
                0x0003feba                __udivmodsi4
 .text.avr-libc
                0x0003fefe       0x1a c:/winavr-20100110/bin/../lib/gcc/avr/4.9.2/../../../../avr/lib/avr6\libc.a(memcmp.o)
                0x0003fefe                memcmp
 .text.avr-libc
                0x0003ff18        0xe c:/winavr-20100110/bin/../lib/gcc/avr/4.9.2/../../../../avr/lib/avr6\libc.a(memset.o)
                0x0003ff18                memset
                0x0003ff26                . = ALIGN (0x2)
 *(.fini9)
 .fini9         0x0003ff26        0x0 c:/winavr-20100110/bin/../lib/gcc/avr/4.9.2/avr6\libgcc.a(_exit.o)
                0x0003ff26                _exit
                0x0003ff26                exit
 *(.fini9)
 *(.fini8)
 *(.fini8)
 *(.fini7)
 *(.fini7)
 *(.fini6)
 *(.fini6)
 *(.fini5)
 *(.fini5)
 *(.fini4)
 *(.fini4)
 *(.fini3)
 *(.fini3)
 *(.fini2)
 *(.fini2)
 *(.fini1)
 *(.fini1)
 *(.fini0)
 .fini0         0x0003ff26        0x4 c:/winavr-20100110/bin/../lib/gcc/avr/4.9.2/avr6\libgcc.a(_exit.o)
 *(.fini0)
                0x0003ff2a                _etext = .

.data           0x00800200      0x258 load address 0x0003ff2a
                0x00800200                PROVIDE (__data_start, .)
 *(.data)
 *(.data*)
 *(.rodata)
 .rodata        0x00800200       0x20 ./src/main.o
 .rodata        0x00800220       0x24 ./src/sha1.o
 *(.rodata*)
 .rodata.Rcon   0x00800244        0xb ./src/aes.o
 .rodata.rsbox  0x0080024f      0x100 ./src/aes.o
 .rodata.sbox   0x0080034f      0x100 ./src/aes.o
 .rodata.str1.1
                0x0080044f        0x8 ./src/sdFile.o
 *(.gnu.linkonce.d*)
                0x00800458                . = ALIGN (0x2)
 *fill*         0x00800457        0x1 
                0x00800458                _edata = .
                0x00800458                PROVIDE (__data_end, .)

.bss            0x00800458      0x11e
                0x00800458                PROVIDE (__bss_start, .)
 *(.bss)
 *(.bss*)
 .bss.Iv        0x00800458        0x2 ./src/aes.o
 .bss.Key       0x0080045a        0x2 ./src/aes.o
 .bss.RoundKey  0x0080045c       0xf0 ./src/aes.o
 .bss.state     0x0080054c        0x2 ./src/aes.o
 .bss.FatFs     0x0080054e        0x2 ./src/pff.o
 *(COMMON)
 COMMON         0x00800550        0x1 ./src/main.o
                0x00800550                dataSource
 COMMON         0x00800551        0x1 ./src/mmc.o
                0x00800551                CardType
 COMMON         0x00800552       0x24 ./src/sdFile.o
                0x00800552                fs
                0x00800576                PROVIDE (__bss_end, .)
                0x0003ff2a                __data_load_start = LOADADDR (.data)
                0x00040182                __data_load_end = (__data_load_start + SIZEOF (.data))

.noinit         0x00800576        0x0
                0x00800576                PROVIDE (__noinit_start, .)
 *(.noinit*)
                0x00800576                PROVIDE (__noinit_end, .)
                0x00800576                _end = .
                0x00800576                PROVIDE (__heap_start, .)

.eeprom         0x00810000        0x0
 *(.eeprom*)
                0x00810000                __eeprom_end = .

.fuse
 *(.fuse)
 *(.lfuse)
 *(.hfuse)
 *(.efuse)

.lock
 *(.lock*)

.signature
 *(.signature*)

.stab
 *(.stab)

.stabstr
 *(.stabstr)

.stab.excl
 *(.stab.excl)

.stab.exclstr
 *(.stab.exclstr)

.stab.index
 *(.stab.index)

.stab.indexstr
 *(.stab.indexstr)

.comment        0x00000000       0x11
 *(.comment)
 .comment       0x00000000       0x11 ./src/aes.o
                                 0x12 (size before relaxing)
 .comment       0x00000011       0x12 ./src/crc.o
 .comment       0x00000011       0x12 ./src/jedecFlash.o
 .comment       0x00000011       0x12 ./src/main.o
 .comment       0x00000011       0x12 ./src/mmc.o
 .comment       0x00000011       0x12 ./src/pff.o
 .comment       0x00000011       0x12 ./src/sdFile.o
 .comment       0x00000011       0x12 ./src/sha1.o
 .comment       0x00000011       0x12 ./src/spi.o
 .comment       0x00000011       0x12 ./src/usart.o

.note.gnu.build-id
 *(.note.gnu.build-id)

.debug
 *(.debug)

.line
 *(.line)

.debug_srcinfo
 *(.debug_srcinfo)

.debug_sfnames
 *(.debug_sfnames)

.debug_aranges  0x00000000      0x380
 *(.debug_aranges)
 .debug_aranges
                0x00000000       0x78 ./src/aes.o
 .debug_aranges
                0x00000078       0x20 ./src/crc.o
 .debug_aranges
                0x00000098       0x70 ./src/jedecFlash.o
 .debug_aranges
                0x00000108       0x38 ./src/main.o
 .debug_aranges
                0x00000140       0x30 ./src/mmc.o
 .debug_aranges
                0x00000170       0x50 ./src/pff.o
 .debug_aranges
                0x000001c0       0x28 ./src/sdFile.o
 .debug_aranges
                0x000001e8       0x48 ./src/sha1.o
 .debug_aranges
                0x00000230       0x30 ./src/spi.o
 .debug_aranges
                0x00000260       0x40 ./src/usart.o
 .debug_aranges
                0x000002a0       0x20 c:/winavr-20100110/bin/../lib/gcc/avr/4.9.2/avr6\libgcc.a(_umulhisi3.o)
 .debug_aranges
                0x000002c0       0x20 c:/winavr-20100110/bin/../lib/gcc/avr/4.9.2/avr6\libgcc.a(_muluhisi3.o)
 .debug_aranges
                0x000002e0       0x20 c:/winavr-20100110/bin/../lib/gcc/avr/4.9.2/avr6\libgcc.a(_udivmodqi4.o)
 .debug_aranges
                0x00000300       0x20 c:/winavr-20100110/bin/../lib/gcc/avr/4.9.2/avr6\libgcc.a(_udivmodsi4.o)
 .debug_aranges
                0x00000320       0x20 c:/winavr-20100110/bin/../lib/gcc/avr/4.9.2/avr6\libgcc.a(_exit.o)
 .debug_aranges
                0x00000340       0x20 c:/winavr-20100110/bin/../lib/gcc/avr/4.9.2/avr6\libgcc.a(_copy_data.o)
 .debug_aranges
                0x00000360       0x20 c:/winavr-20100110/bin/../lib/gcc/avr/4.9.2/avr6\libgcc.a(_clear_bss.o)

.debug_pubnames
 *(.debug_pubnames)

.debug_info     0x00000000     0x4905
 *(.debug_info .gnu.linkonce.wi.*)
 .debug_info    0x00000000      0xbbc c:/winavr-20100110/bin/../lib/gcc/avr/4.9.2/../../../../avr/lib/avr6/crtm2560.o
 .debug_info    0x00000bbc      0x978 ./src/aes.o
 .debug_info    0x00001534       0xc7 ./src/crc.o
 .debug_info    0x000015fb      0x480 ./src/jedecFlash.o
 .debug_info    0x00001a7b      0xa90 ./src/main.o
 .debug_info    0x0000250b      0x631 ./src/mmc.o
 .debug_info    0x00002b3c      0xbaa ./src/pff.o
 .debug_info    0x000036e6      0x371 ./src/sdFile.o
 .debug_info    0x00003a57      0x457 ./src/sha1.o
 .debug_info    0x00003eae       0xc1 ./src/spi.o
 .debug_info    0x00003f6f      0x591 ./src/usart.o
 .debug_info    0x00004500       0x93 c:/winavr-20100110/bin/../lib/gcc/avr/4.9.2/avr6\libgcc.a(_umulhisi3.o)
 .debug_info    0x00004593       0x93 c:/winavr-20100110/bin/../lib/gcc/avr/4.9.2/avr6\libgcc.a(_muluhisi3.o)
 .debug_info    0x00004626       0x93 c:/winavr-20100110/bin/../lib/gcc/avr/4.9.2/avr6\libgcc.a(_udivmodqi4.o)
 .debug_info    0x000046b9       0x93 c:/winavr-20100110/bin/../lib/gcc/avr/4.9.2/avr6\libgcc.a(_udivmodsi4.o)
 .debug_info    0x0000474c       0x93 c:/winavr-20100110/bin/../lib/gcc/avr/4.9.2/avr6\libgcc.a(_exit.o)
 .debug_info    0x000047df       0x93 c:/winavr-20100110/bin/../lib/gcc/avr/4.9.2/avr6\libgcc.a(_copy_data.o)
 .debug_info    0x00004872       0x93 c:/winavr-20100110/bin/../lib/gcc/avr/4.9.2/avr6\libgcc.a(_clear_bss.o)

.debug_abbrev   0x00000000     0x1bc1
 *(.debug_abbrev)
 .debug_abbrev  0x00000000      0xb1a c:/winavr-20100110/bin/../lib/gcc/avr/4.9.2/../../../../avr/lib/avr6/crtm2560.o
 .debug_abbrev  0x00000b1a      0x220 ./src/aes.o
 .debug_abbrev  0x00000d3a       0x7a ./src/crc.o
 .debug_abbrev  0x00000db4      0x1a8 ./src/jedecFlash.o
 .debug_abbrev  0x00000f5c      0x2a6 ./src/main.o
 .debug_abbrev  0x00001202      0x1ff ./src/mmc.o
 .debug_abbrev  0x00001401      0x272 ./src/pff.o
 .debug_abbrev  0x00001673      0x136 ./src/sdFile.o
 .debug_abbrev  0x000017a9      0x16b ./src/sha1.o
 .debug_abbrev  0x00001914       0x78 ./src/spi.o
 .debug_abbrev  0x0000198c      0x1a9 ./src/usart.o
 .debug_abbrev  0x00001b35       0x14 c:/winavr-20100110/bin/../lib/gcc/avr/4.9.2/avr6\libgcc.a(_umulhisi3.o)
 .debug_abbrev  0x00001b49       0x14 c:/winavr-20100110/bin/../lib/gcc/avr/4.9.2/avr6\libgcc.a(_muluhisi3.o)
 .debug_abbrev  0x00001b5d       0x14 c:/winavr-20100110/bin/../lib/gcc/avr/4.9.2/avr6\libgcc.a(_udivmodqi4.o)
 .debug_abbrev  0x00001b71       0x14 c:/winavr-20100110/bin/../lib/gcc/avr/4.9.2/avr6\libgcc.a(_udivmodsi4.o)
 .debug_abbrev  0x00001b85       0x14 c:/winavr-20100110/bin/../lib/gcc/avr/4.9.2/avr6\libgcc.a(_exit.o)
 .debug_abbrev  0x00001b99       0x14 c:/winavr-20100110/bin/../lib/gcc/avr/4.9.2/avr6\libgcc.a(_copy_data.o)
 .debug_abbrev  0x00001bad       0x14 c:/winavr-20100110/bin/../lib/gcc/avr/4.9.2/avr6\libgcc.a(_clear_bss.o)

.debug_line     0x00000000     0x1328
 *(.debug_line .debug_line.* .debug_line_end)
 .debug_line    0x00000000       0x1d c:/winavr-20100110/bin/../lib/gcc/avr/4.9.2/../../../../avr/lib/avr6/crtm2560.o
 .debug_line    0x0000001d      0x273 ./src/aes.o
 .debug_line    0x00000290       0x75 ./src/crc.o
 .debug_line    0x00000305      0x1b3 ./src/jedecFlash.o
 .debug_line    0x000004b8      0x266 ./src/main.o
 .debug_line    0x0000071e      0x1bc ./src/mmc.o
 .debug_line    0x000008da      0x2a6 ./src/pff.o
 .debug_line    0x00000b80       0xda ./src/sdFile.o
 .debug_line    0x00000c5a      0x1ed ./src/sha1.o
 .debug_line    0x00000e47       0x95 ./src/spi.o
 .debug_line    0x00000edc      0x17f ./src/usart.o
 .debug_line    0x0000105b       0x68 c:/winavr-20100110/bin/../lib/gcc/avr/4.9.2/avr6\libgcc.a(_umulhisi3.o)
 .debug_line    0x000010c3       0x63 c:/winavr-20100110/bin/../lib/gcc/avr/4.9.2/avr6\libgcc.a(_muluhisi3.o)
 .debug_line    0x00001126       0x65 c:/winavr-20100110/bin/../lib/gcc/avr/4.9.2/avr6\libgcc.a(_udivmodqi4.o)
 .debug_line    0x0000118b       0x7b c:/winavr-20100110/bin/../lib/gcc/avr/4.9.2/avr6\libgcc.a(_udivmodsi4.o)
 .debug_line    0x00001206       0x5b c:/winavr-20100110/bin/../lib/gcc/avr/4.9.2/avr6\libgcc.a(_exit.o)
 .debug_line    0x00001261       0x66 c:/winavr-20100110/bin/../lib/gcc/avr/4.9.2/avr6\libgcc.a(_copy_data.o)
 .debug_line    0x000012c7       0x61 c:/winavr-20100110/bin/../lib/gcc/avr/4.9.2/avr6\libgcc.a(_clear_bss.o)

.debug_frame    0x00000000      0x9f0
 *(.debug_frame)
 .debug_frame   0x00000000      0x268 ./src/aes.o
 .debug_frame   0x00000268       0x24 ./src/crc.o
 .debug_frame   0x0000028c      0x170 ./src/jedecFlash.o
 .debug_frame   0x000003fc       0xe0 ./src/main.o
 .debug_frame   0x000004dc       0xb4 ./src/mmc.o
 .debug_frame   0x00000590      0x1bc ./src/pff.o
 .debug_frame   0x0000074c       0x58 ./src/sdFile.o
 .debug_frame   0x000007a4      0x144 ./src/sha1.o
 .debug_frame   0x000008e8       0x44 ./src/spi.o
 .debug_frame   0x0000092c       0xc4 ./src/usart.o

.debug_str      0x00000000      0xbc3
 *(.debug_str)
 .debug_str     0x00000000      0x3e6 c:/winavr-20100110/bin/../lib/gcc/avr/4.9.2/../../../../avr/lib/avr6/crtm2560.o
 .debug_str     0x000003e6      0x24e ./src/aes.o
                                0x2bc (size before relaxing)
 .debug_str     0x00000634        0xd ./src/crc.o
                                0x17c (size before relaxing)
 .debug_str     0x00000641       0xeb ./src/jedecFlash.o
                                0x26f (size before relaxing)
 .debug_str     0x0000072c      0x1ce ./src/main.o
                                0x3cf (size before relaxing)
 .debug_str     0x000008fa       0xa8 ./src/mmc.o
                                0x272 (size before relaxing)
 .debug_str     0x000009a2      0x18f ./src/pff.o
                                0x376 (size before relaxing)
 .debug_str     0x00000b31       0x10 ./src/sdFile.o
                                0x2d7 (size before relaxing)
 .debug_str     0x00000b41       0x37 ./src/sha1.o
                                0x209 (size before relaxing)
 .debug_str     0x00000b78        0xd ./src/spi.o
                                0x192 (size before relaxing)
 .debug_str     0x00000b85       0x3e ./src/usart.o
                                0x232 (size before relaxing)

.debug_loc      0x00000000     0x390a
 *(.debug_loc)
 .debug_loc     0x00000000      0xdeb ./src/aes.o
 .debug_loc     0x00000deb       0x87 ./src/crc.o
 .debug_loc     0x00000e72      0x464 ./src/jedecFlash.o
 .debug_loc     0x000012d6      0x656 ./src/main.o
 .debug_loc     0x0000192c      0x5b0 ./src/mmc.o
 .debug_loc     0x00001edc      0xce1 ./src/pff.o
 .debug_loc     0x00002bbd      0x18c ./src/sdFile.o
 .debug_loc     0x00002d49      0x73d ./src/sha1.o
 .debug_loc     0x00003486       0x1e ./src/spi.o
 .debug_loc     0x000034a4      0x466 ./src/usart.o

.debug_macinfo
 *(.debug_macinfo)

.debug_weaknames
 *(.debug_weaknames)

.debug_funcnames
 *(.debug_funcnames)

.debug_typenames
 *(.debug_typenames)

.debug_varnames
 *(.debug_varnames)

.debug_pubtypes
 *(.debug_pubtypes)

.debug_ranges   0x00000000      0x300
 *(.debug_ranges)
 .debug_ranges  0x00000000       0x68 ./src/aes.o
 .debug_ranges  0x00000068       0x10 ./src/crc.o
 .debug_ranges  0x00000078       0x78 ./src/jedecFlash.o
 .debug_ranges  0x000000f0       0x48 ./src/main.o
 .debug_ranges  0x00000138       0x20 ./src/mmc.o
 .debug_ranges  0x00000158       0xb8 ./src/pff.o
 .debug_ranges  0x00000210       0x18 ./src/sdFile.o
 .debug_ranges  0x00000228       0x68 ./src/sha1.o
 .debug_ranges  0x00000290       0x20 ./src/spi.o
 .debug_ranges  0x000002b0       0x50 ./src/usart.o

.debug_macro
 *(.debug_macro)
OUTPUT(SecureBootLoader.elf elf32-avr)
LOAD linker stubs

.FW             0x0003df00        0x0

.XMEM           0x00802200        0x0

Cross Reference Table

Symbol                                            File
AES_CBC_decrypt_buffer                            ./src/aes.o
                                                  ./src/main.o
AES_CBC_encrypt_buffer                            ./src/aes.o
AES_ECB_decrypt                                   ./src/aes.o
AES_ECB_encrypt                                   ./src/aes.o
BootLoader                                        ./src/main.o
CRC                                               ./src/crc.o
                                                  ./src/usart.o
                                                  ./src/main.o
                                                  ./src/jedecFlash.o
CardType                                          ./src/mmc.o
FlashBusy                                         ./src/jedecFlash.o
FlashCRC                                          ./src/jedecFlash.o
FlashDeInit                                       ./src/jedecFlash.o
                                                  ./src/main.o
FlashEraseBlock                                   ./src/jedecFlash.o
                                                  ./src/main.o
FlashGetCapacity                                  ./src/jedecFlash.o
FlashGetStatus1                                   ./src/jedecFlash.o
FlashInit                                         ./src/jedecFlash.o
                                                  ./src/main.o
FlashRead                                         ./src/jedecFlash.o
                                                  ./src/main.o
FlashWriteDisable                                 ./src/jedecFlash.o
FlashWriteEnable                                  ./src/jedecFlash.o
Read                                              ./src/main.o
SDInit                                            ./src/sdFile.o
                                                  ./src/main.o
SDRead                                            ./src/sdFile.o
                                                  ./src/main.o
SPIDeInit                                         ./src/spi.o
                                                  ./src/main.o
SPIInit                                           ./src/spi.o
                                                  ./src/mmc.o
                                                  ./src/main.o
SPIXfer                                           ./src/spi.o
                                                  ./src/mmc.o
                                                  ./src/jedecFlash.o
SPIXfer3                                          ./src/jedecFlash.o
UartDeInit                                        ./src/usart.o
                                                  ./src/main.o
UartGetC                                          ./src/usart.o
UartInit                                          ./src/usart.o
                                                  ./src/main.o
UartPutC                                          ./src/usart.o
UartRead                                          ./src/usart.o
                                                  ./src/main.o
__bad_interrupt                                   c:/winavr-20100110/bin/../lib/gcc/avr/4.9.2/../../../../avr/lib/avr6/crtm2560.o
__bss_end                                         c:/winavr-20100110/bin/../lib/gcc/avr/4.9.2/avr6\libgcc.a(_clear_bss.o)
__bss_start                                       c:/winavr-20100110/bin/../lib/gcc/avr/4.9.2/avr6\libgcc.a(_clear_bss.o)
__data_end                                        c:/winavr-20100110/bin/../lib/gcc/avr/4.9.2/avr6\libgcc.a(_copy_data.o)
__data_load_start                                 c:/winavr-20100110/bin/../lib/gcc/avr/4.9.2/avr6\libgcc.a(_copy_data.o)
__data_start                                      c:/winavr-20100110/bin/../lib/gcc/avr/4.9.2/avr6\libgcc.a(_copy_data.o)
__do_clear_bss                                    c:/winavr-20100110/bin/../lib/gcc/avr/4.9.2/avr6\libgcc.a(_clear_bss.o)
                                                  ./src/sdFile.o
                                                  ./src/pff.o
                                                  ./src/mmc.o
                                                  ./src/main.o
                                                  ./src/aes.o
__do_copy_data                                    c:/winavr-20100110/bin/../lib/gcc/avr/4.9.2/avr6\libgcc.a(_copy_data.o)
                                                  ./src/sha1.o
                                                  ./src/sdFile.o
                                                  ./src/main.o
                                                  ./src/aes.o
__heap_end                                        c:/winavr-20100110/bin/../lib/gcc/avr/4.9.2/../../../../avr/lib/avr6/crtm2560.o
__init                                            c:/winavr-20100110/bin/../lib/gcc/avr/4.9.2/../../../../avr/lib/avr6/crtm2560.o
__muluhisi3                                       c:/winavr-20100110/bin/../lib/gcc/avr/4.9.2/avr6\libgcc.a(_muluhisi3.o)
                                                  ./src/pff.o
__stack                                           c:/winavr-20100110/bin/../lib/gcc/avr/4.9.2/../../../../avr/lib/avr6/crtm2560.o
__udivmodqi4                                      c:/winavr-20100110/bin/../lib/gcc/avr/4.9.2/avr6\libgcc.a(_udivmodqi4.o)
                                                  ./src/sha1.o
__udivmodsi4                                      c:/winavr-20100110/bin/../lib/gcc/avr/4.9.2/avr6\libgcc.a(_udivmodsi4.o)
                                                  ./src/pff.o
__umulhisi3                                       c:/winavr-20100110/bin/../lib/gcc/avr/4.9.2/avr6\libgcc.a(_umulhisi3.o)
                                                  c:/winavr-20100110/bin/../lib/gcc/avr/4.9.2/avr6\libgcc.a(_muluhisi3.o)
                                                  ./src/pff.o
__vector_1                                        c:/winavr-20100110/bin/../lib/gcc/avr/4.9.2/../../../../avr/lib/avr6/crtm2560.o
__vector_10                                       c:/winavr-20100110/bin/../lib/gcc/avr/4.9.2/../../../../avr/lib/avr6/crtm2560.o
__vector_11                                       c:/winavr-20100110/bin/../lib/gcc/avr/4.9.2/../../../../avr/lib/avr6/crtm2560.o
__vector_12                                       c:/winavr-20100110/bin/../lib/gcc/avr/4.9.2/../../../../avr/lib/avr6/crtm2560.o
__vector_13                                       c:/winavr-20100110/bin/../lib/gcc/avr/4.9.2/../../../../avr/lib/avr6/crtm2560.o
__vector_14                                       c:/winavr-20100110/bin/../lib/gcc/avr/4.9.2/../../../../avr/lib/avr6/crtm2560.o
__vector_15                                       c:/winavr-20100110/bin/../lib/gcc/avr/4.9.2/../../../../avr/lib/avr6/crtm2560.o
__vector_16                                       c:/winavr-20100110/bin/../lib/gcc/avr/4.9.2/../../../../avr/lib/avr6/crtm2560.o
__vector_17                                       c:/winavr-20100110/bin/../lib/gcc/avr/4.9.2/../../../../avr/lib/avr6/crtm2560.o
__vector_18                                       c:/winavr-20100110/bin/../lib/gcc/avr/4.9.2/../../../../avr/lib/avr6/crtm2560.o
__vector_19                                       c:/winavr-20100110/bin/../lib/gcc/avr/4.9.2/../../../../avr/lib/avr6/crtm2560.o
__vector_2                                        c:/winavr-20100110/bin/../lib/gcc/avr/4.9.2/../../../../avr/lib/avr6/crtm2560.o
__vector_20                                       c:/winavr-20100110/bin/../lib/gcc/avr/4.9.2/../../../../avr/lib/avr6/crtm2560.o
__vector_21                                       c:/winavr-20100110/bin/../lib/gcc/avr/4.9.2/../../../../avr/lib/avr6/crtm2560.o
__vector_22                                       c:/winavr-20100110/bin/../lib/gcc/avr/4.9.2/../../../../avr/lib/avr6/crtm2560.o
__vector_23                                       c:/winavr-20100110/bin/../lib/gcc/avr/4.9.2/../../../../avr/lib/avr6/crtm2560.o
__vector_24                                       c:/winavr-20100110/bin/../lib/gcc/avr/4.9.2/../../../../avr/lib/avr6/crtm2560.o
__vector_25                                       c:/winavr-20100110/bin/../lib/gcc/avr/4.9.2/../../../../avr/lib/avr6/crtm2560.o
__vector_26                                       c:/winavr-20100110/bin/../lib/gcc/avr/4.9.2/../../../../avr/lib/avr6/crtm2560.o
__vector_27                                       c:/winavr-20100110/bin/../lib/gcc/avr/4.9.2/../../../../avr/lib/avr6/crtm2560.o
__vector_28                                       c:/winavr-20100110/bin/../lib/gcc/avr/4.9.2/../../../../avr/lib/avr6/crtm2560.o
__vector_29                                       c:/winavr-20100110/bin/../lib/gcc/avr/4.9.2/../../../../avr/lib/avr6/crtm2560.o
__vector_3                                        c:/winavr-20100110/bin/../lib/gcc/avr/4.9.2/../../../../avr/lib/avr6/crtm2560.o
__vector_30                                       c:/winavr-20100110/bin/../lib/gcc/avr/4.9.2/../../../../avr/lib/avr6/crtm2560.o
__vector_31                                       c:/winavr-20100110/bin/../lib/gcc/avr/4.9.2/../../../../avr/lib/avr6/crtm2560.o
__vector_32                                       c:/winavr-20100110/bin/../lib/gcc/avr/4.9.2/../../../../avr/lib/avr6/crtm2560.o
__vector_33                                       c:/winavr-20100110/bin/../lib/gcc/avr/4.9.2/../../../../avr/lib/avr6/crtm2560.o
__vector_34                                       c:/winavr-20100110/bin/../lib/gcc/avr/4.9.2/../../../../avr/lib/avr6/crtm2560.o
__vector_35                                       c:/winavr-20100110/bin/../lib/gcc/avr/4.9.2/../../../../avr/lib/avr6/crtm2560.o
__vector_36                                       c:/winavr-20100110/bin/../lib/gcc/avr/4.9.2/../../../../avr/lib/avr6/crtm2560.o
__vector_37                                       c:/winavr-20100110/bin/../lib/gcc/avr/4.9.2/../../../../avr/lib/avr6/crtm2560.o
__vector_38                                       c:/winavr-20100110/bin/../lib/gcc/avr/4.9.2/../../../../avr/lib/avr6/crtm2560.o
__vector_39                                       c:/winavr-20100110/bin/../lib/gcc/avr/4.9.2/../../../../avr/lib/avr6/crtm2560.o
__vector_4                                        c:/winavr-20100110/bin/../lib/gcc/avr/4.9.2/../../../../avr/lib/avr6/crtm2560.o
__vector_40                                       c:/winavr-20100110/bin/../lib/gcc/avr/4.9.2/../../../../avr/lib/avr6/crtm2560.o
__vector_41                                       c:/winavr-20100110/bin/../lib/gcc/avr/4.9.2/../../../../avr/lib/avr6/crtm2560.o
__vector_42                                       c:/winavr-20100110/bin/../lib/gcc/avr/4.9.2/../../../../avr/lib/avr6/crtm2560.o
__vector_43                                       c:/winavr-20100110/bin/../lib/gcc/avr/4.9.2/../../../../avr/lib/avr6/crtm2560.o
__vector_44                                       c:/winavr-20100110/bin/../lib/gcc/avr/4.9.2/../../../../avr/lib/avr6/crtm2560.o
__vector_45                                       c:/winavr-20100110/bin/../lib/gcc/avr/4.9.2/../../../../avr/lib/avr6/crtm2560.o
__vector_46                                       c:/winavr-20100110/bin/../lib/gcc/avr/4.9.2/../../../../avr/lib/avr6/crtm2560.o
__vector_47                                       c:/winavr-20100110/bin/../lib/gcc/avr/4.9.2/../../../../avr/lib/avr6/crtm2560.o
__vector_48                                       c:/winavr-20100110/bin/../lib/gcc/avr/4.9.2/../../../../avr/lib/avr6/crtm2560.o
__vector_49                                       c:/winavr-20100110/bin/../lib/gcc/avr/4.9.2/../../../../avr/lib/avr6/crtm2560.o
__vector_5                                        c:/winavr-20100110/bin/../lib/gcc/avr/4.9.2/../../../../avr/lib/avr6/crtm2560.o
__vector_50                                       c:/winavr-20100110/bin/../lib/gcc/avr/4.9.2/../../../../avr/lib/avr6/crtm2560.o
__vector_51                                       c:/winavr-20100110/bin/../lib/gcc/avr/4.9.2/../../../../avr/lib/avr6/crtm2560.o
__vector_52                                       c:/winavr-20100110/bin/../lib/gcc/avr/4.9.2/../../../../avr/lib/avr6/crtm2560.o
__vector_53                                       c:/winavr-20100110/bin/../lib/gcc/avr/4.9.2/../../../../avr/lib/avr6/crtm2560.o
__vector_54                                       c:/winavr-20100110/bin/../lib/gcc/avr/4.9.2/../../../../avr/lib/avr6/crtm2560.o
__vector_55                                       c:/winavr-20100110/bin/../lib/gcc/avr/4.9.2/../../../../avr/lib/avr6/crtm2560.o
__vector_56                                       c:/winavr-20100110/bin/../lib/gcc/avr/4.9.2/../../../../avr/lib/avr6/crtm2560.o
__vector_6                                        c:/winavr-20100110/bin/../lib/gcc/avr/4.9.2/../../../../avr/lib/avr6/crtm2560.o
__vector_7                                        c:/winavr-20100110/bin/../lib/gcc/avr/4.9.2/../../../../avr/lib/avr6/crtm2560.o
__vector_8                                        c:/winavr-20100110/bin/../lib/gcc/avr/4.9.2/../../../../avr/lib/avr6/crtm2560.o
__vector_9                                        c:/winavr-20100110/bin/../lib/gcc/avr/4.9.2/../../../../avr/lib/avr6/crtm2560.o
__vector_default                                  c:/winavr-20100110/bin/../lib/gcc/avr/4.9.2/../../../../avr/lib/avr6/crtm2560.o
__vectors                                         c:/winavr-20100110/bin/../lib/gcc/avr/4.9.2/../../../../avr/lib/avr6/crtm2560.o
_exit                                             c:/winavr-20100110/bin/../lib/gcc/avr/4.9.2/avr6\libgcc.a(_exit.o)
aesIVSize                                         ./src/main.o
aesIvAddress                                      ./src/main.o
boot_program_page                                 ./src/main.o
dataSource                                        ./src/main.o
disk_initialize                                   ./src/mmc.o
                                                  ./src/pff.o
disk_readp                                        ./src/mmc.o
                                                  ./src/pff.o
exit                                              c:/winavr-20100110/bin/../lib/gcc/avr/4.9.2/avr6\libgcc.a(_exit.o)
                                                  c:/winavr-20100110/bin/../lib/gcc/avr/4.9.2/../../../../avr/lib/avr6/crtm2560.o
fileIDAddress                                     ./src/main.o
fileIDSize                                        ./src/main.o
firmwareAddress                                   ./src/main.o
firmwareSize                                      ./src/main.o
flashEraseBlockSize                               ./src/main.o
flashOffset                                       ./src/main.o
fs                                                ./src/sdFile.o
main                                              ./src/main.o
                                                  c:/winavr-20100110/bin/../lib/gcc/avr/4.9.2/../../../../avr/lib/avr6/crtm2560.o
memcmp                                            c:/winavr-20100110/bin/../lib/gcc/avr/4.9.2/../../../../avr/lib/avr6\libc.a(memcmp.o)
                                                  ./src/pff.o
                                                  ./src/main.o
memcpy                                            c:/winavr-20100110/bin/../lib/gcc/avr/4.9.2/../../../../avr/lib/avr6\libc.a(memcpy.o)
                                                  ./src/aes.o
memset                                            c:/winavr-20100110/bin/../lib/gcc/avr/4.9.2/../../../../avr/lib/avr6\libc.a(memset.o)
                                                  ./src/pff.o
pf_mount                                          ./src/pff.o
                                                  ./src/sdFile.o
pf_open                                           ./src/pff.o
                                                  ./src/sdFile.o
pf_read                                           ./src/pff.o
                                                  ./src/sdFile.o
sha1_final                                        ./src/sha1.o
                                                  ./src/main.o
sha1_helper                                       ./src/sha1.o
sha1_init                                         ./src/sha1.o
                                                  ./src/main.o
sha1_transform                                    ./src/sha1.o
sha1_update                                       ./src/sha1.o
                                                  ./src/main.o
sha_pad                                           ./src/sha1.o
signatureAddress                                  ./src/main.o
signatureSize                                     ./src/main.o
