Archive member included to satisfy reference by file (symbol)

c:/winavr-20100110/bin/../lib/gcc/avr/4.9.2/avr6\libgcc.a(_umulhisi3.o)
                              ./src/pff.o (__umulhisi3)
c:/winavr-20100110/bin/../lib/gcc/avr/4.9.2/avr6\libgcc.a(_muluhisi3.o)
                              ./src/pff.o (__muluhisi3)
c:/winavr-20100110/bin/../lib/gcc/avr/4.9.2/avr6\libgcc.a(_udivmodqi4.o)
                              ./src/sha1.o (__udivmodqi4)
c:/winavr-20100110/bin/../lib/gcc/avr/4.9.2/avr6\libgcc.a(_udivmodsi4.o)
                              ./src/pff.o (__udivmodsi4)
c:/winavr-20100110/bin/../lib/gcc/avr/4.9.2/avr6\libgcc.a(_exit.o)
                              c:/winavr-20100110/bin/../lib/gcc/avr/4.9.2/../../../../avr/lib/avr6/crtm2560.o (exit)
c:/winavr-20100110/bin/../lib/gcc/avr/4.9.2/avr6\libgcc.a(_copy_data.o)
                              ./src/aes.o (__do_copy_data)
c:/winavr-20100110/bin/../lib/gcc/avr/4.9.2/avr6\libgcc.a(_clear_bss.o)
                              ./src/aes.o (__do_clear_bss)
c:/winavr-20100110/bin/../lib/gcc/avr/4.9.2/../../../../avr/lib/avr6\libc.a(memcmp.o)
                              ./src/main.o (memcmp)
c:/winavr-20100110/bin/../lib/gcc/avr/4.9.2/../../../../avr/lib/avr6\libc.a(memcpy.o)
                              ./src/aes.o (memcpy)
c:/winavr-20100110/bin/../lib/gcc/avr/4.9.2/../../../../avr/lib/avr6\libc.a(memset.o)
                              ./src/pff.o (memset)

Allocating common symbols
Common symbol       size              file

CardType            0x1               ./src/mmc.o
fs                  0x24              ./src/sdFile.o
dataSource          0x1               ./src/main.o

Discarded input sections

 .data          0x00000000        0x0 c:/winavr-20100110/bin/../lib/gcc/avr/4.9.2/../../../../avr/lib/avr6/crtm2560.o
 .bss           0x00000000        0x0 c:/winavr-20100110/bin/../lib/gcc/avr/4.9.2/../../../../avr/lib/avr6/crtm2560.o
 .text          0x00000000        0x0 ./src/aes.o
 .data          0x00000000        0x0 ./src/aes.o
 .bss           0x00000000        0x0 ./src/aes.o
 .text.SubBytes
                0x00000000       0x2e ./src/aes.o
 .text.ShiftRows
                0x00000000       0x3a ./src/aes.o
 .text.Cipher   0x00000000       0xb8 ./src/aes.o
 .text.AES_ECB_encrypt
                0x00000000       0x36 ./src/aes.o
 .text.AES_ECB_decrypt
                0x00000000       0x36 ./src/aes.o
 .text.AES_CBC_encrypt_buffer
                0x00000000       0xdc ./src/aes.o
 .text          0x00000000        0x0 ./src/crc.o
 .data          0x00000000        0x0 ./src/crc.o
 .bss           0x00000000        0x0 ./src/crc.o
 .text          0x00000000        0x0 ./src/jedecFlash.o
 .data          0x00000000        0x0 ./src/jedecFlash.o
 .bss           0x00000000        0x0 ./src/jedecFlash.o
 .text.SPIXfer3
                0x00000000       0x1c ./src/jedecFlash.o
 .text.FlashGetCapacity
                0x00000000       0x80 ./src/jedecFlash.o
 .text.FlashCRC
                0x00000000       0x86 ./src/jedecFlash.o
 .text          0x00000000        0x0 ./src/main.o
 .data          0x00000000        0x0 ./src/main.o
 .bss           0x00000000        0x0 ./src/main.o
 .rodata.firmwareSize
                0x00000000        0x4 ./src/main.o
 .rodata.firmwareAddress
                0x00000000        0x4 ./src/main.o
 .rodata.aesIVSize
                0x00000000        0x4 ./src/main.o
 .rodata.aesIvAddress
                0x00000000        0x4 ./src/main.o
 .rodata.signatureSize
                0x00000000        0x4 ./src/main.o
 .rodata.signatureAddress
                0x00000000        0x4 ./src/main.o
 .rodata.fileIDSize
                0x00000000        0x4 ./src/main.o
 .rodata.fileIDAddress
                0x00000000        0x4 ./src/main.o
 .rodata.flashOffset
                0x00000000        0x2 ./src/main.o
 .rodata.flashEraseBlockSize
                0x00000000        0x2 ./src/main.o
 .text          0x00000000        0x0 ./src/mmc.o
 .data          0x00000000        0x0 ./src/mmc.o
 .bss           0x00000000        0x0 ./src/mmc.o
 .text          0x00000000        0x0 ./src/pff.o
 .data          0x00000000        0x0 ./src/pff.o
 .bss           0x00000000        0x0 ./src/pff.o
 .text          0x00000000        0x0 ./src/sdFile.o
 .data          0x00000000        0x0 ./src/sdFile.o
 .bss           0x00000000        0x0 ./src/sdFile.o
 .text          0x00000000        0x0 ./src/sha1.o
 .data          0x00000000        0x0 ./src/sha1.o
 .bss           0x00000000        0x0 ./src/sha1.o
 .text.sha_pad  0x00000000       0x28 ./src/sha1.o
 .text          0x00000000        0x0 ./src/spi.o
 .data          0x00000000        0x0 ./src/spi.o
 .bss           0x00000000        0x0 ./src/spi.o
 .text          0x00000000        0x0 ./src/usart.o
 .data          0x00000000        0x0 ./src/usart.o
 .bss           0x00000000        0x0 ./src/usart.o
 .text          0x00000000        0x0 c:/winavr-20100110/bin/../lib/gcc/avr/4.9.2/avr6\libgcc.a(_umulhisi3.o)
 .data          0x00000000        0x0 c:/winavr-20100110/bin/../lib/gcc/avr/4.9.2/avr6\libgcc.a(_umulhisi3.o)
 .bss           0x00000000        0x0 c:/winavr-20100110/bin/../lib/gcc/avr/4.9.2/avr6\libgcc.a(_umulhisi3.o)
 .text.libgcc.div
                0x00000000        0x0 c:/winavr-20100110/bin/../lib/gcc/avr/4.9.2/avr6\libgcc.a(_umulhisi3.o)
 .text.libgcc   0x00000000        0x0 c:/winavr-20100110/bin/../lib/gcc/avr/4.9.2/avr6\libgcc.a(_umulhisi3.o)
 .text.libgcc.prologue
                0x00000000        0x0 c:/winavr-20100110/bin/../lib/gcc/avr/4.9.2/avr6\libgcc.a(_umulhisi3.o)
 .text.libgcc.builtins
                0x00000000        0x0 c:/winavr-20100110/bin/../lib/gcc/avr/4.9.2/avr6\libgcc.a(_umulhisi3.o)
 .text.libgcc.fmul
                0x00000000        0x0 c:/winavr-20100110/bin/../lib/gcc/avr/4.9.2/avr6\libgcc.a(_umulhisi3.o)
 .text.libgcc.fixed
                0x00000000        0x0 c:/winavr-20100110/bin/../lib/gcc/avr/4.9.2/avr6\libgcc.a(_umulhisi3.o)
 .text          0x00000000        0x0 c:/winavr-20100110/bin/../lib/gcc/avr/4.9.2/avr6\libgcc.a(_muluhisi3.o)
 .data          0x00000000        0x0 c:/winavr-20100110/bin/../lib/gcc/avr/4.9.2/avr6\libgcc.a(_muluhisi3.o)
 .bss           0x00000000        0x0 c:/winavr-20100110/bin/../lib/gcc/avr/4.9.2/avr6\libgcc.a(_muluhisi3.o)
 .text.libgcc.div
                0x00000000        0x0 c:/winavr-20100110/bin/../lib/gcc/avr/4.9.2/avr6\libgcc.a(_muluhisi3.o)
 .text.libgcc   0x00000000        0x0 c:/winavr-20100110/bin/../lib/gcc/avr/4.9.2/avr6\libgcc.a(_muluhisi3.o)
 .text.libgcc.prologue
                0x00000000        0x0 c:/winavr-20100110/bin/../lib/gcc/avr/4.9.2/avr6\libgcc.a(_muluhisi3.o)
 .text.libgcc.builtins
                0x00000000        0x0 c:/winavr-20100110/bin/../lib/gcc/avr/4.9.2/avr6\libgcc.a(_muluhisi3.o)
 .text.libgcc.fmul
                0x00000000        0x0 c:/winavr-20100110/bin/../lib/gcc/avr/4.9.2/avr6\libgcc.a(_muluhisi3.o)
 .text.libgcc.fixed
                0x00000000        0x0 c:/winavr-20100110/bin/../lib/gcc/avr/4.9.2/avr6\libgcc.a(_muluhisi3.o)
 .text          0x00000000        0x0 c:/winavr-20100110/bin/../lib/gcc/avr/4.9.2/avr6\libgcc.a(_udivmodqi4.o)
 .data          0x00000000        0x0 c:/winavr-20100110/bin/../lib/gcc/avr/4.9.2/avr6\libgcc.a(_udivmodqi4.o)
 .bss           0x00000000        0x0 c:/winavr-20100110/bin/../lib/gcc/avr/4.9.2/avr6\libgcc.a(_udivmodqi4.o)
 .text.libgcc.mul
                0x00000000        0x0 c:/winavr-20100110/bin/../lib/gcc/avr/4.9.2/avr6\libgcc.a(_udivmodqi4.o)
 .text.libgcc   0x00000000        0x0 c:/winavr-20100110/bin/../lib/gcc/avr/4.9.2/avr6\libgcc.a(_udivmodqi4.o)
 .text.libgcc.prologue
                0x00000000        0x0 c:/winavr-20100110/bin/../lib/gcc/avr/4.9.2/avr6\libgcc.a(_udivmodqi4.o)
 .text.libgcc.builtins
                0x00000000        0x0 c:/winavr-20100110/bin/../lib/gcc/avr/4.9.2/avr6\libgcc.a(_udivmodqi4.o)
 .text.libgcc.fmul
                0x00000000        0x0 c:/winavr-20100110/bin/../lib/gcc/avr/4.9.2/avr6\libgcc.a(_udivmodqi4.o)
 .text.libgcc.fixed
                0x00000000        0x0 c:/winavr-20100110/bin/../lib/gcc/avr/4.9.2/avr6\libgcc.a(_udivmodqi4.o)
 .text          0x00000000        0x0 c:/winavr-20100110/bin/../lib/gcc/avr/4.9.2/avr6\libgcc.a(_udivmodsi4.o)
 .data          0x00000000        0x0 c:/winavr-20100110/bin/../lib/gcc/avr/4.9.2/avr6\libgcc.a(_udivmodsi4.o)
 .bss           0x00000000        0x0 c:/winavr-20100110/bin/../lib/gcc/avr/4.9.2/avr6\libgcc.a(_udivmodsi4.o)
 .text.libgcc.mul
                0x00000000        0x0 c:/winavr-20100110/bin/../lib/gcc/avr/4.9.2/avr6\libgcc.a(_udivmodsi4.o)
 .text.libgcc   0x00000000        0x0 c:/winavr-20100110/bin/../lib/gcc/avr/4.9.2/avr6\libgcc.a(_udivmodsi4.o)
 .text.libgcc.prologue
                0x00000000        0x0 c:/winavr-20100110/bin/../lib/gcc/avr/4.9.2/avr6\libgcc.a(_udivmodsi4.o)
 .text.libgcc.builtins
                0x00000000        0x0 c:/winavr-20100110/bin/../lib/gcc/avr/4.9.2/avr6\libgcc.a(_udivmodsi4.o)
 .text.libgcc.fmul
                0x00000000        0x0 c:/winavr-20100110/bin/../lib/gcc/avr/4.9.2/avr6\libgcc.a(_udivmodsi4.o)
 .text.libgcc.fixed
                0x00000000        0x0 c:/winavr-20100110/bin/../lib/gcc/avr/4.9.2/avr6\libgcc.a(_udivmodsi4.o)
 .text          0x00000000        0x0 c:/winavr-20100110/bin/../lib/gcc/avr/4.9.2/avr6\libgcc.a(_exit.o)
 .data          0x00000000        0x0 c:/winavr-20100110/bin/../lib/gcc/avr/4.9.2/avr6\libgcc.a(_exit.o)
 .bss           0x00000000        0x0 c:/winavr-20100110/bin/../lib/gcc/avr/4.9.2/avr6\libgcc.a(_exit.o)
 .text.libgcc.mul
                0x00000000        0x0 c:/winavr-20100110/bin/../lib/gcc/avr/4.9.2/avr6\libgcc.a(_exit.o)
 .text.libgcc.div
                0x00000000        0x0 c:/winavr-20100110/bin/../lib/gcc/avr/4.9.2/avr6\libgcc.a(_exit.o)
 .text.libgcc   0x00000000        0x0 c:/winavr-20100110/bin/../lib/gcc/avr/4.9.2/avr6\libgcc.a(_exit.o)
 .text.libgcc.prologue
                0x00000000        0x0 c:/winavr-20100110/bin/../lib/gcc/avr/4.9.2/avr6\libgcc.a(_exit.o)
 .text.libgcc.builtins
                0x00000000        0x0 c:/winavr-20100110/bin/../lib/gcc/avr/4.9.2/avr6\libgcc.a(_exit.o)
 .text.libgcc.fmul
                0x00000000        0x0 c:/winavr-20100110/bin/../lib/gcc/avr/4.9.2/avr6\libgcc.a(_exit.o)
 .text.libgcc.fixed
                0x00000000        0x0 c:/winavr-20100110/bin/../lib/gcc/avr/4.9.2/avr6\libgcc.a(_exit.o)
 .text          0x00000000        0x0 c:/winavr-20100110/bin/../lib/gcc/avr/4.9.2/avr6\libgcc.a(_copy_data.o)
 .data          0x00000000        0x0 c:/winavr-20100110/bin/../lib/gcc/avr/4.9.2/avr6\libgcc.a(_copy_data.o)
 .bss           0x00000000        0x0 c:/winavr-20100110/bin/../lib/gcc/avr/4.9.2/avr6\libgcc.a(_copy_data.o)
 .text.libgcc.mul
                0x00000000        0x0 c:/winavr-20100110/bin/../lib/gcc/avr/4.9.2/avr6\libgcc.a(_copy_data.o)
 .text.libgcc.div
                0x00000000        0x0 c:/winavr-20100110/bin/../lib/gcc/avr/4.9.2/avr6\libgcc.a(_copy_data.o)
 .text.libgcc   0x00000000        0x0 c:/winavr-20100110/bin/../lib/gcc/avr/4.9.2/avr6\libgcc.a(_copy_data.o)
 .text.libgcc.prologue
                0x00000000        0x0 c:/winavr-20100110/bin/../lib/gcc/avr/4.9.2/avr6\libgcc.a(_copy_data.o)
 .text.libgcc.builtins
                0x00000000        0x0 c:/winavr-20100110/bin/../lib/gcc/avr/4.9.2/avr6\libgcc.a(_copy_data.o)
 .text.libgcc.fmul
                0x00000000        0x0 c:/winavr-20100110/bin/../lib/gcc/avr/4.9.2/avr6\libgcc.a(_copy_data.o)
 .text.libgcc.fixed
                0x00000000        0x0 c:/winavr-20100110/bin/../lib/gcc/avr/4.9.2/avr6\libgcc.a(_copy_data.o)
 .text          0x00000000        0x0 c:/winavr-20100110/bin/../lib/gcc/avr/4.9.2/avr6\libgcc.a(_clear_bss.o)
 .data          0x00000000        0x0 c:/winavr-20100110/bin/../lib/gcc/avr/4.9.2/avr6\libgcc.a(_clear_bss.o)
 .bss           0x00000000        0x0 c:/winavr-20100110/bin/../lib/gcc/avr/4.9.2/avr6\libgcc.a(_clear_bss.o)
 .text.libgcc.mul
                0x00000000        0x0 c:/winavr-20100110/bin/../lib/gcc/avr/4.9.2/avr6\libgcc.a(_clear_bss.o)
 .text.libgcc.div
                0x00000000        0x0 c:/winavr-20100110/bin/../lib/gcc/avr/4.9.2/avr6\libgcc.a(_clear_bss.o)
 .text.libgcc   0x00000000        0x0 c:/winavr-20100110/bin/../lib/gcc/avr/4.9.2/avr6\libgcc.a(_clear_bss.o)
 .text.libgcc.prologue
                0x00000000        0x0 c:/winavr-20100110/bin/../lib/gcc/avr/4.9.2/avr6\libgcc.a(_clear_bss.o)
 .text.libgcc.builtins
                0x00000000        0x0 c:/winavr-20100110/bin/../lib/gcc/avr/4.9.2/avr6\libgcc.a(_clear_bss.o)
 .text.libgcc.fmul
                0x00000000        0x0 c:/winavr-20100110/bin/../lib/gcc/avr/4.9.2/avr6\libgcc.a(_clear_bss.o)
 .text.libgcc.fixed
                0x00000000        0x0 c:/winavr-20100110/bin/../lib/gcc/avr/4.9.2/avr6\libgcc.a(_clear_bss.o)
 .text          0x00000000        0x0 c:/winavr-20100110/bin/../lib/gcc/avr/4.9.2/../../../../avr/lib/avr6\libc.a(memcmp.o)
 .data          0x00000000        0x0 c:/winavr-20100110/bin/../lib/gcc/avr/4.9.2/../../../../avr/lib/avr6\libc.a(memcmp.o)
 .bss           0x00000000        0x0 c:/winavr-20100110/bin/../lib/gcc/avr/4.9.2/../../../../avr/lib/avr6\libc.a(memcmp.o)
 .text          0x00000000        0x0 c:/winavr-20100110/bin/../lib/gcc/avr/4.9.2/../../../../avr/lib/avr6\libc.a(memcpy.o)
 .data          0x00000000        0x0 c:/winavr-20100110/bin/../lib/gcc/avr/4.9.2/../../../../avr/lib/avr6\libc.a(memcpy.o)
 .bss           0x00000000        0x0 c:/winavr-20100110/bin/../lib/gcc/avr/4.9.2/../../../../avr/lib/avr6\libc.a(memcpy.o)
 .text.avr-libc
                0x00000000       0x12 c:/winavr-20100110/bin/../lib/gcc/avr/4.9.2/../../../../avr/lib/avr6\libc.a(memcpy.o)
 .text          0x00000000        0x0 c:/winavr-20100110/bin/../lib/gcc/avr/4.9.2/../../../../avr/lib/avr6\libc.a(memset.o)
 .data          0x00000000        0x0 c:/winavr-20100110/bin/../lib/gcc/avr/4.9.2/../../../../avr/lib/avr6\libc.a(memset.o)
 .bss           0x00000000        0x0 c:/winavr-20100110/bin/../lib/gcc/avr/4.9.2/../../../../avr/lib/avr6\libc.a(memset.o)

Memory Configuration

Name             Origin             Length             Attributes
text             0x00000000         0x00100000         xr
data             0x00800200         0x0000fe00         rw !x
eeprom           0x00810000         0x00010000         rw !x
fuse             0x00820000         0x00000400         rw !x
lock             0x00830000         0x00000400         rw !x
signature        0x00840000         0x00000400         rw !x
*default*        0x00000000         0xffffffff

Linker script and memory map

Address of section .data set to 0x800200
LOAD c:/winavr-20100110/bin/../lib/gcc/avr/4.9.2/../../../../avr/lib/avr6/crtm2560.o
Address of section .text set to 0x3e000
LOAD ./src/aes.o
LOAD ./src/crc.o
LOAD ./src/jedecFlash.o
LOAD ./src/main.o
LOAD ./src/mmc.o
LOAD ./src/pff.o
LOAD ./src/sdFile.o
LOAD ./src/sha1.o
LOAD ./src/spi.o
LOAD ./src/usart.o
LOAD c:/winavr-20100110/bin/../lib/gcc/avr/4.9.2/../../../../avr/lib/avr6\libm.a
Address of section .FW set to 0x3df00
Address of section .XMEM set to 0x802200
LOAD c:/winavr-20100110/bin/../lib/gcc/avr/4.9.2/avr6\libgcc.a
LOAD c:/winavr-20100110/bin/../lib/gcc/avr/4.9.2/../../../../avr/lib/avr6\libm.a
LOAD c:/winavr-20100110/bin/../lib/gcc/avr/4.9.2/../../../../avr/lib/avr6\libc.a
START GROUP
LOAD c:/winavr-20100110/bin/../lib/gcc/avr/4.9.2/avr6\libgcc.a
LOAD c:/winavr-20100110/bin/../lib/gcc/avr/4.9.2/../../../../avr/lib/avr6\libm.a
LOAD c:/winavr-20100110/bin/../lib/gcc/avr/4.9.2/../../../../avr/lib/avr6\libc.a
END GROUP

.hash
 *(.hash)

.dynsym
 *(.dynsym)

.dynstr
 *(.dynstr)

.gnu.version
 *(.gnu.version)

.gnu.version_d
 *(.gnu.version_d)

.gnu.version_r
 *(.gnu.version_r)

.rel.init
 *(.rel.init)

.rela.init
 *(.rela.init)

.rel.text
 *(.rel.text)
 *(.rel.text.*)
 *(.rel.gnu.linkonce.t*)

.rela.text
 *(.rela.text)
 *(.rela.text.*)
 *(.rela.gnu.linkonce.t*)

.rel.fini
 *(.rel.fini)

.rela.fini
 *(.rela.fini)

.rel.rodata
 *(.rel.rodata)
 *(.rel.rodata.*)
 *(.rel.gnu.linkonce.r*)

.rela.rodata
 *(.rela.rodata)
 *(.rela.rodata.*)
 *(.rela.gnu.linkonce.r*)

.rel.data
 *(.rel.data)
 *(.rel.data.*)
 *(.rel.gnu.linkonce.d*)

.rela.data
 *(.rela.data)
 *(.rela.data.*)
 *(.rela.gnu.linkonce.d*)

.rel.ctors
 *(.rel.ctors)

.rela.ctors
 *(.rela.ctors)

.rel.dtors
 *(.rel.dtors)

.rela.dtors
 *(.rela.dtors)

.rel.got
 *(.rel.got)

.rela.got
 *(.rela.got)

.rel.bss
 *(.rel.bss)

.rela.bss
 *(.rela.bss)

.rel.plt
 *(.rel.plt)

.rela.plt
 *(.rela.plt)

.text           0x0003e000     0x1d9a
 *(.vectors)
 .vectors       0x0003e000       0xe4 c:/winavr-20100110/bin/../lib/gcc/avr/4.9.2/../../../../avr/lib/avr6/crtm2560.o
                0x0003e000                __vector_default
                0x0003e000                __vectors
 *(.vectors)
 *(.progmem.gcc*)
                0x0003e0e4                . = ALIGN (0x2)
                0x0003e0e4                __trampolines_start = .
 *(.trampolines)
 .trampolines   0x0003e0e4        0x0 linker stubs
 *(.trampolines*)
                0x0003e0e4                __trampolines_end = .
 *(.progmem*)
                0x0003e0e4                . = ALIGN (0x2)
 *(.jumptables)
 *(.jumptables*)
 *(.lowtext)
 *(.lowtext*)
                0x0003e0e4                __ctors_start = .
 *(.ctors)
                0x0003e0e4                __ctors_end = .
                0x0003e0e4                __dtors_start = .
 *(.dtors)
                0x0003e0e4                __dtors_end = .
 SORT(*)(.ctors)
 SORT(*)(.dtors)
 *(.init0)
 .init0         0x0003e0e4        0x0 c:/winavr-20100110/bin/../lib/gcc/avr/4.9.2/../../../../avr/lib/avr6/crtm2560.o
                0x0003e0e4                __init
 *(.init0)
 *(.init1)
 *(.init1)
 *(.init2)
 .init2         0x0003e0e4       0x10 c:/winavr-20100110/bin/../lib/gcc/avr/4.9.2/../../../../avr/lib/avr6/crtm2560.o
 *(.init2)
 *(.init3)
 *(.init3)
 *(.init4)
 .init4         0x0003e0f4       0x1a c:/winavr-20100110/bin/../lib/gcc/avr/4.9.2/avr6\libgcc.a(_copy_data.o)
                0x0003e0f4                __do_copy_data
 .init4         0x0003e10e       0x10 c:/winavr-20100110/bin/../lib/gcc/avr/4.9.2/avr6\libgcc.a(_clear_bss.o)
                0x0003e10e                __do_clear_bss
 *(.init4)
 *(.init5)
 *(.init5)
 *(.init6)
 *(.init6)
 *(.init7)
 *(.init7)
 *(.init8)
 *(.init8)
 *(.init9)
 .init9         0x0003e11e        0x6 c:/winavr-20100110/bin/../lib/gcc/avr/4.9.2/../../../../avr/lib/avr6/crtm2560.o
 *(.init9)
 *(.text)
 .text          0x0003e124        0x2 c:/winavr-20100110/bin/../lib/gcc/avr/4.9.2/../../../../avr/lib/avr6/crtm2560.o
                0x0003e124                __vector_38
                0x0003e124                __vector_22
                0x0003e124                __vector_28
                0x0003e124                __vector_1
                0x0003e124                __vector_32
                0x0003e124                __vector_34
                0x0003e124                __vector_24
                0x0003e124                __vector_12
                0x0003e124                __vector_55
                0x0003e124                __vector_46
                0x0003e124                __bad_interrupt
                0x0003e124                __vector_6
                0x0003e124                __vector_31
                0x0003e124                __vector_35
                0x0003e124                __vector_39
                0x0003e124                __vector_3
                0x0003e124                __vector_23
                0x0003e124                __vector_30
                0x0003e124                __vector_45
                0x0003e124                __vector_25
                0x0003e124                __vector_11
                0x0003e124                __vector_54
                0x0003e124                __vector_13
                0x0003e124                __vector_17
                0x0003e124                __vector_19
                0x0003e124                __vector_56
                0x0003e124                __vector_7
                0x0003e124                __vector_49
                0x0003e124                __vector_41
                0x0003e124                __vector_43
                0x0003e124                __vector_27
                0x0003e124                __vector_5
                0x0003e124                __vector_33
                0x0003e124                __vector_47
                0x0003e124                __vector_52
                0x0003e124                __vector_37
                0x0003e124                __vector_4
                0x0003e124                __vector_44
                0x0003e124                __vector_51
                0x0003e124                __vector_9
                0x0003e124                __vector_2
                0x0003e124                __vector_21
                0x0003e124                __vector_15
                0x0003e124                __vector_36
                0x0003e124                __vector_29
                0x0003e124                __vector_40
                0x0003e124                __vector_8
                0x0003e124                __vector_26
                0x0003e124                __vector_48
                0x0003e124                __vector_14
                0x0003e124                __vector_53
                0x0003e124                __vector_10
                0x0003e124                __vector_50
                0x0003e124                __vector_16
                0x0003e124                __vector_18
                0x0003e124                __vector_20
                0x0003e124                __vector_42
                0x0003e126                . = ALIGN (0x2)
 *(.text.*)
 .text.AddRoundKey
                0x0003e126       0x50 ./src/aes.o
 .text.xtime    0x0003e176       0x16 ./src/aes.o
 .text.Multiply
                0x0003e18c       0x48 ./src/aes.o
 .text.InvCipher
                0x0003e1d4      0x14c ./src/aes.o
 .text.XorWithIv
                0x0003e320       0x1c ./src/aes.o
 .text.KeyExpansion
                0x0003e33c       0xf6 ./src/aes.o
 .text.AES_CBC_decrypt_buffer
                0x0003e432       0x88 ./src/aes.o
                0x0003e432                AES_CBC_decrypt_buffer
 .text.CRC      0x0003e4ba       0x1e ./src/crc.o
                0x0003e4ba                CRC
 .text.FlashInit
                0x0003e4d8       0x16 ./src/jedecFlash.o
                0x0003e4d8                FlashInit
 .text.FlashDeInit
                0x0003e4ee       0x16 ./src/jedecFlash.o
                0x0003e4ee                FlashDeInit
 .text.FlashGetStatus1
                0x0003e504       0x26 ./src/jedecFlash.o
                0x0003e504                FlashGetStatus1
 .text.FlashBusy
                0x0003e52a        0x6 ./src/jedecFlash.o
                0x0003e52a                FlashBusy
 .text.FlashWriteEnable
                0x0003e530       0x20 ./src/jedecFlash.o
                0x0003e530                FlashWriteEnable
 .text.FlashWriteDisable
                0x0003e550       0x20 ./src/jedecFlash.o
                0x0003e550                FlashWriteDisable
 .text.FlashEraseBlock
                0x0003e570       0x46 ./src/jedecFlash.o
                0x0003e570                FlashEraseBlock
 .text.FlashRead
                0x0003e5b6       0x68 ./src/jedecFlash.o
                0x0003e5b6                FlashRead
 .text.Read     0x0003e61e       0x26 ./src/main.o
                0x0003e61e                Read
 .text.boot_program_page
                0x0003e644       0x88 ./src/main.o
                0x0003e644                boot_program_page
 .text.BootLoader
                0x0003e6cc      0x462 ./src/main.o
                0x0003e6cc                BootLoader
 .text.startup.main
                0x0003eb2e       0x84 ./src/main.o
                0x0003eb2e                main
 .text.send_cmd
                0x0003ebb2       0x70 ./src/mmc.o
 .text.disk_initialize
                0x0003ec22      0x176 ./src/mmc.o
                0x0003ec22                disk_initialize
 .text.disk_readp
                0x0003ed98       0xaa ./src/mmc.o
                0x0003ed98                disk_readp
 .text.clust2sect
                0x0003ee42       0x40 ./src/pff.o
 .text.dir_rewind
                0x0003ee82       0x4e ./src/pff.o
 .text.get_fat  0x0003eed0       0x74 ./src/pff.o
 .text.check_fs
                0x0003ef44       0x6a ./src/pff.o
 .text.pf_mount
                0x0003efae      0x1e0 ./src/pff.o
                0x0003efae                pf_mount
 .text.pf_open  0x0003f18e      0x240 ./src/pff.o
                0x0003f18e                pf_open
 .text.pf_read  0x0003f3ce      0x17e ./src/pff.o
                0x0003f3ce                pf_read
 .text.SDInit   0x0003f54c       0x1a ./src/sdFile.o
                0x0003f54c                SDInit
 .text.SDRead   0x0003f566       0x52 ./src/sdFile.o
                0x0003f566                SDRead
 .text.sha1_helper
                0x0003f5b8       0x82 ./src/sha1.o
                0x0003f5b8                sha1_helper
 .text.sha1_transform
                0x0003f63a      0x2ae ./src/sha1.o
                0x0003f63a                sha1_transform
 .text.sha1_init
                0x0003f8e8       0x5e ./src/sha1.o
                0x0003f8e8                sha1_init
 .text.sha1_update
                0x0003f946       0x86 ./src/sha1.o
                0x0003f946                sha1_update
 .text.sha1_final
                0x0003f9cc       0xfc ./src/sha1.o
                0x0003f9cc                sha1_final
 .text.SPIInit  0x0003fac8       0x10 ./src/spi.o
                0x0003fac8                SPIInit
 .text.SPIDeInit
                0x0003fad8        0xa ./src/spi.o
                0x0003fad8                SPIDeInit
 .text.SPIXfer  0x0003fae2        0xc ./src/spi.o
                0x0003fae2                SPIXfer
 .text.UartInit
                0x0003faee       0x12 ./src/usart.o
                0x0003faee                UartInit
 .text.UartDeInit
                0x0003fb00        0xe ./src/usart.o
                0x0003fb00                UartDeInit
 .text.UartPutC
                0x0003fb0e        0xe ./src/usart.o
                0x0003fb0e                UartPutC
 .text.UartGetC
                0x0003fb1c       0x2e ./src/usart.o
                0x0003fb1c                UartGetC
 .text.UartRead
                0x0003fb4a      0x196 ./src/usart.o
                0x0003fb4a                UartRead
 .text.libgcc.mul
                0x0003fce0       0x1e c:/winavr-20100110/bin/../lib/gcc/avr/4.9.2/avr6\libgcc.a(_umulhisi3.o)
                0x0003fce0                __umulhisi3
 .text.libgcc.mul
                0x0003fcfe       0x14 c:/winavr-20100110/bin/../lib/gcc/avr/4.9.2/avr6\libgcc.a(_muluhisi3.o)
                0x0003fcfe                __muluhisi3
 .text.libgcc.div
                0x0003fd12       0x18 c:/winavr-20100110/bin/../lib/gcc/avr/4.9.2/avr6\libgcc.a(_udivmodqi4.o)
                0x0003fd12                __udivmodqi4
 .text.libgcc.div
                0x0003fd2a       0x44 c:/winavr-20100110/bin/../lib/gcc/avr/4.9.2/avr6\libgcc.a(_udivmodsi4.o)
                0x0003fd2a                __udivmodsi4
 .text.avr-libc
                0x0003fd6e       0x1a c:/winavr-20100110/bin/../lib/gcc/avr/4.9.2/../../../../avr/lib/avr6\libc.a(memcmp.o)
                0x0003fd6e                memcmp
 .text.avr-libc
                0x0003fd88        0xe c:/winavr-20100110/bin/../lib/gcc/avr/4.9.2/../../../../avr/lib/avr6\libc.a(memset.o)
                0x0003fd88                memset
                0x0003fd96                . = ALIGN (0x2)
 *(.fini9)
 .fini9         0x0003fd96        0x0 c:/winavr-20100110/bin/../lib/gcc/avr/4.9.2/avr6\libgcc.a(_exit.o)
                0x0003fd96                _exit
                0x0003fd96                exit
 *(.fini9)
 *(.fini8)
 *(.fini8)
 *(.fini7)
 *(.fini7)
 *(.fini6)
 *(.fini6)
 *(.fini5)
 *(.fini5)
 *(.fini4)
 *(.fini4)
 *(.fini3)
 *(.fini3)
 *(.fini2)
 *(.fini2)
 *(.fini1)
 *(.fini1)
 *(.fini0)
 .fini0         0x0003fd96        0x4 c:/winavr-20100110/bin/../lib/gcc/avr/4.9.2/avr6\libgcc.a(_exit.o)
 *(.fini0)
                0x0003fd9a                _etext = .

.data           0x00800200      0x25a load address 0x0003fd9a
                0x00800200                PROVIDE (__data_start, .)
 *(.data)
 *(.data*)
 *(.rodata)
 .rodata        0x00800200       0x20 ./src/main.o
 .rodata        0x00800220       0x24 ./src/sha1.o
 *(.rodata*)
 .rodata.Rcon   0x00800244        0xb ./src/aes.o
 .rodata.rsbox  0x0080024f      0x100 ./src/aes.o
 .rodata.sbox   0x0080034f      0x100 ./src/aes.o
 .rodata.SDInit.str1.1
                0x0080044f        0xb ./src/sdFile.o
 *(.gnu.linkonce.d*)
                0x0080045a                . = ALIGN (0x2)
                0x0080045a                _edata = .
                0x0080045a                PROVIDE (__data_end, .)

.bss            0x0080045a      0x11e
                0x0080045a                PROVIDE (__bss_start, .)
 *(.bss)
 *(.bss*)
 .bss.Iv        0x0080045a        0x2 ./src/aes.o
 .bss.Key       0x0080045c        0x2 ./src/aes.o
 .bss.RoundKey  0x0080045e       0xf0 ./src/aes.o
 .bss.state     0x0080054e        0x2 ./src/aes.o
 .bss.FatFs     0x00800550        0x2 ./src/pff.o
 *(COMMON)
 COMMON         0x00800552        0x1 ./src/main.o
                0x00800552                dataSource
 COMMON         0x00800553        0x1 ./src/mmc.o
                0x00800553                CardType
 COMMON         0x00800554       0x24 ./src/sdFile.o
                0x00800554                fs
                0x00800578                PROVIDE (__bss_end, .)
                0x0003fd9a                __data_load_start = LOADADDR (.data)
                0x0003fff4                __data_load_end = (__data_load_start + SIZEOF (.data))

.noinit         0x00800578        0x0
                0x00800578                PROVIDE (__noinit_start, .)
 *(.noinit*)
                0x00800578                PROVIDE (__noinit_end, .)
                0x00800578                _end = .
                0x00800578                PROVIDE (__heap_start, .)

.eeprom         0x00810000        0x0
 *(.eeprom*)
                0x00810000                __eeprom_end = .

.fuse
 *(.fuse)
 *(.lfuse)
 *(.hfuse)
 *(.efuse)

.lock
 *(.lock*)

.signature
 *(.signature*)

.stab
 *(.stab)

.stabstr
 *(.stabstr)

.stab.excl
 *(.stab.excl)

.stab.exclstr
 *(.stab.exclstr)

.stab.index
 *(.stab.index)

.stab.indexstr
 *(.stab.indexstr)

.comment        0x00000000       0x22
 *(.comment)
 .comment       0x00000000       0x11 ./src/aes.o
                                 0x12 (size before relaxing)
 .comment       0x00000011       0x12 ./src/crc.o
 .comment       0x00000011       0x12 ./src/jedecFlash.o
 .comment       0x00000011       0x12 ./src/main.o
 .comment       0x00000011       0x12 ./src/mmc.o
 .comment       0x00000011       0x12 ./src/pff.o
 .comment       0x00000011       0x12 ./src/sdFile.o
 .comment       0x00000011       0x12 ./src/sha1.o
 .comment       0x00000011       0x12 ./src/spi.o
 .comment       0x00000011       0x11 ./src/usart.o
                                 0x12 (size before relaxing)

.note.gnu.build-id
 *(.note.gnu.build-id)

.debug
 *(.debug)

.line
 *(.line)

.debug_srcinfo
 *(.debug_srcinfo)

.debug_sfnames
 *(.debug_sfnames)

.debug_aranges  0x00000000      0x388
 *(.debug_aranges)
 .debug_aranges
                0x00000000       0x80 ./src/aes.o
 .debug_aranges
                0x00000080       0x20 ./src/crc.o
 .debug_aranges
                0x000000a0       0x70 ./src/jedecFlash.o
 .debug_aranges
                0x00000110       0x38 ./src/main.o
 .debug_aranges
                0x00000148       0x30 ./src/mmc.o
 .debug_aranges
                0x00000178       0x50 ./src/pff.o
 .debug_aranges
                0x000001c8       0x28 ./src/sdFile.o
 .debug_aranges
                0x000001f0       0x48 ./src/sha1.o
 .debug_aranges
                0x00000238       0x30 ./src/spi.o
 .debug_aranges
                0x00000268       0x40 ./src/usart.o
 .debug_aranges
                0x000002a8       0x20 c:/winavr-20100110/bin/../lib/gcc/avr/4.9.2/avr6\libgcc.a(_umulhisi3.o)
 .debug_aranges
                0x000002c8       0x20 c:/winavr-20100110/bin/../lib/gcc/avr/4.9.2/avr6\libgcc.a(_muluhisi3.o)
 .debug_aranges
                0x000002e8       0x20 c:/winavr-20100110/bin/../lib/gcc/avr/4.9.2/avr6\libgcc.a(_udivmodqi4.o)
 .debug_aranges
                0x00000308       0x20 c:/winavr-20100110/bin/../lib/gcc/avr/4.9.2/avr6\libgcc.a(_udivmodsi4.o)
 .debug_aranges
                0x00000328       0x20 c:/winavr-20100110/bin/../lib/gcc/avr/4.9.2/avr6\libgcc.a(_exit.o)
 .debug_aranges
                0x00000348       0x20 c:/winavr-20100110/bin/../lib/gcc/avr/4.9.2/avr6\libgcc.a(_copy_data.o)
 .debug_aranges
                0x00000368       0x20 c:/winavr-20100110/bin/../lib/gcc/avr/4.9.2/avr6\libgcc.a(_clear_bss.o)

.debug_pubnames
 *(.debug_pubnames)

.debug_info     0x00000000     0x491e
 *(.debug_info .gnu.linkonce.wi.*)
 .debug_info    0x00000000      0xbbc c:/winavr-20100110/bin/../lib/gcc/avr/4.9.2/../../../../avr/lib/avr6/crtm2560.o
 .debug_info    0x00000bbc      0xac0 ./src/aes.o
 .debug_info    0x0000167c       0xc7 ./src/crc.o
 .debug_info    0x00001743      0x4db ./src/jedecFlash.o
 .debug_info    0x00001c1e      0x9da ./src/main.o
 .debug_info    0x000025f8      0x629 ./src/mmc.o
 .debug_info    0x00002c21      0xae5 ./src/pff.o
 .debug_info    0x00003706      0x32b ./src/sdFile.o
 .debug_info    0x00003a31      0x496 ./src/sha1.o
 .debug_info    0x00003ec7       0xc5 ./src/spi.o
 .debug_info    0x00003f8c      0x58d ./src/usart.o
 .debug_info    0x00004519       0x93 c:/winavr-20100110/bin/../lib/gcc/avr/4.9.2/avr6\libgcc.a(_umulhisi3.o)
 .debug_info    0x000045ac       0x93 c:/winavr-20100110/bin/../lib/gcc/avr/4.9.2/avr6\libgcc.a(_muluhisi3.o)
 .debug_info    0x0000463f       0x93 c:/winavr-20100110/bin/../lib/gcc/avr/4.9.2/avr6\libgcc.a(_udivmodqi4.o)
 .debug_info    0x000046d2       0x93 c:/winavr-20100110/bin/../lib/gcc/avr/4.9.2/avr6\libgcc.a(_udivmodsi4.o)
 .debug_info    0x00004765       0x93 c:/winavr-20100110/bin/../lib/gcc/avr/4.9.2/avr6\libgcc.a(_exit.o)
 .debug_info    0x000047f8       0x93 c:/winavr-20100110/bin/../lib/gcc/avr/4.9.2/avr6\libgcc.a(_copy_data.o)
 .debug_info    0x0000488b       0x93 c:/winavr-20100110/bin/../lib/gcc/avr/4.9.2/avr6\libgcc.a(_clear_bss.o)

.debug_abbrev   0x00000000     0x1b68
 *(.debug_abbrev)
 .debug_abbrev  0x00000000      0xb1a c:/winavr-20100110/bin/../lib/gcc/avr/4.9.2/../../../../avr/lib/avr6/crtm2560.o
 .debug_abbrev  0x00000b1a      0x229 ./src/aes.o
 .debug_abbrev  0x00000d43       0x7a ./src/crc.o
 .debug_abbrev  0x00000dbd      0x1a3 ./src/jedecFlash.o
 .debug_abbrev  0x00000f60      0x282 ./src/main.o
 .debug_abbrev  0x000011e2      0x1da ./src/mmc.o
 .debug_abbrev  0x000013bc      0x254 ./src/pff.o
 .debug_abbrev  0x00001610      0x122 ./src/sdFile.o
 .debug_abbrev  0x00001732      0x189 ./src/sha1.o
 .debug_abbrev  0x000018bb       0x7a ./src/spi.o
 .debug_abbrev  0x00001935      0x1a7 ./src/usart.o
 .debug_abbrev  0x00001adc       0x14 c:/winavr-20100110/bin/../lib/gcc/avr/4.9.2/avr6\libgcc.a(_umulhisi3.o)
 .debug_abbrev  0x00001af0       0x14 c:/winavr-20100110/bin/../lib/gcc/avr/4.9.2/avr6\libgcc.a(_muluhisi3.o)
 .debug_abbrev  0x00001b04       0x14 c:/winavr-20100110/bin/../lib/gcc/avr/4.9.2/avr6\libgcc.a(_udivmodqi4.o)
 .debug_abbrev  0x00001b18       0x14 c:/winavr-20100110/bin/../lib/gcc/avr/4.9.2/avr6\libgcc.a(_udivmodsi4.o)
 .debug_abbrev  0x00001b2c       0x14 c:/winavr-20100110/bin/../lib/gcc/avr/4.9.2/avr6\libgcc.a(_exit.o)
 .debug_abbrev  0x00001b40       0x14 c:/winavr-20100110/bin/../lib/gcc/avr/4.9.2/avr6\libgcc.a(_copy_data.o)
 .debug_abbrev  0x00001b54       0x14 c:/winavr-20100110/bin/../lib/gcc/avr/4.9.2/avr6\libgcc.a(_clear_bss.o)

.debug_line     0x00000000     0x20a0
 *(.debug_line .debug_line.* .debug_line_end)
 .debug_line    0x00000000       0x1d c:/winavr-20100110/bin/../lib/gcc/avr/4.9.2/../../../../avr/lib/avr6/crtm2560.o
 .debug_line    0x0000001d      0x5b2 ./src/aes.o
 .debug_line    0x000005cf       0xaf ./src/crc.o
 .debug_line    0x0000067e      0x35a ./src/jedecFlash.o
 .debug_line    0x000009d8      0x49b ./src/main.o
 .debug_line    0x00000e73      0x2f7 ./src/mmc.o
 .debug_line    0x0000116a      0x57b ./src/pff.o
 .debug_line    0x000016e5      0x120 ./src/sdFile.o
 .debug_line    0x00001805      0x34f ./src/sha1.o
 .debug_line    0x00001b54       0xfb ./src/spi.o
 .debug_line    0x00001c4f      0x184 ./src/usart.o
 .debug_line    0x00001dd3       0x68 c:/winavr-20100110/bin/../lib/gcc/avr/4.9.2/avr6\libgcc.a(_umulhisi3.o)
 .debug_line    0x00001e3b       0x63 c:/winavr-20100110/bin/../lib/gcc/avr/4.9.2/avr6\libgcc.a(_muluhisi3.o)
 .debug_line    0x00001e9e       0x65 c:/winavr-20100110/bin/../lib/gcc/avr/4.9.2/avr6\libgcc.a(_udivmodqi4.o)
 .debug_line    0x00001f03       0x7b c:/winavr-20100110/bin/../lib/gcc/avr/4.9.2/avr6\libgcc.a(_udivmodsi4.o)
 .debug_line    0x00001f7e       0x5b c:/winavr-20100110/bin/../lib/gcc/avr/4.9.2/avr6\libgcc.a(_exit.o)
 .debug_line    0x00001fd9       0x66 c:/winavr-20100110/bin/../lib/gcc/avr/4.9.2/avr6\libgcc.a(_copy_data.o)
 .debug_line    0x0000203f       0x61 c:/winavr-20100110/bin/../lib/gcc/avr/4.9.2/avr6\libgcc.a(_clear_bss.o)

.debug_frame    0x00000000      0x9a4
 *(.debug_frame)
 .debug_frame   0x00000000      0x22c ./src/aes.o
 .debug_frame   0x0000022c       0x24 ./src/crc.o
 .debug_frame   0x00000250      0x16c ./src/jedecFlash.o
 .debug_frame   0x000003bc       0xe0 ./src/main.o
 .debug_frame   0x0000049c       0xb8 ./src/mmc.o
 .debug_frame   0x00000554      0x1b4 ./src/pff.o
 .debug_frame   0x00000708       0x58 ./src/sdFile.o
 .debug_frame   0x00000760      0x13c ./src/sha1.o
 .debug_frame   0x0000089c       0x44 ./src/spi.o
 .debug_frame   0x000008e0       0xc4 ./src/usart.o

.debug_str      0x00000000      0xdfb
 *(.debug_str)
 .debug_str     0x00000000      0x3e6 c:/winavr-20100110/bin/../lib/gcc/avr/4.9.2/../../../../avr/lib/avr6/crtm2560.o
 .debug_str     0x000003e6      0x27b ./src/aes.o
                                0x2f0 (size before relaxing)
 .debug_str     0x00000661       0x28 ./src/crc.o
                                0x19f (size before relaxing)
 .debug_str     0x00000689      0x143 ./src/jedecFlash.o
                                0x2cb (size before relaxing)
 .debug_str     0x000007cc      0x207 ./src/main.o
                                0x407 (size before relaxing)
 .debug_str     0x000009d3       0xc3 ./src/mmc.o
                                0x28c (size before relaxing)
 .debug_str     0x00000a96      0x1aa ./src/pff.o
                                0x3be (size before relaxing)
 .debug_str     0x00000c40       0x2b ./src/sdFile.o
                                0x2f1 (size before relaxing)
 .debug_str     0x00000c6b       0x52 ./src/sha1.o
                                0x25e (size before relaxing)
 .debug_str     0x00000cbd       0x28 ./src/spi.o
                                0x1b5 (size before relaxing)
 .debug_str     0x00000ce5      0x116 ./src/usart.o
                                0x213 (size before relaxing)

.debug_loc      0x00000000     0x39ac
 *(.debug_loc)
 .debug_loc     0x00000000      0xda3 ./src/aes.o
 .debug_loc     0x00000da3       0x87 ./src/crc.o
 .debug_loc     0x00000e2a      0x498 ./src/jedecFlash.o
 .debug_loc     0x000012c2      0x6e3 ./src/main.o
 .debug_loc     0x000019a5      0x5af ./src/mmc.o
 .debug_loc     0x00001f54      0xce3 ./src/pff.o
 .debug_loc     0x00002c37      0x1ac ./src/sdFile.o
 .debug_loc     0x00002de3      0x745 ./src/sha1.o
 .debug_loc     0x00003528       0x1e ./src/spi.o
 .debug_loc     0x00003546      0x466 ./src/usart.o

.debug_macinfo
 *(.debug_macinfo)

.debug_weaknames
 *(.debug_weaknames)

.debug_funcnames
 *(.debug_funcnames)

.debug_typenames
 *(.debug_typenames)

.debug_varnames
 *(.debug_varnames)

.debug_pubtypes
 *(.debug_pubtypes)

.debug_ranges   0x00000000      0x368
 *(.debug_ranges)
 .debug_ranges  0x00000000       0x70 ./src/aes.o
 .debug_ranges  0x00000070       0x10 ./src/crc.o
 .debug_ranges  0x00000080       0x98 ./src/jedecFlash.o
 .debug_ranges  0x00000118       0x88 ./src/main.o
 .debug_ranges  0x000001a0       0x20 ./src/mmc.o
 .debug_ranges  0x000001c0       0xb8 ./src/pff.o
 .debug_ranges  0x00000278       0x18 ./src/sdFile.o
 .debug_ranges  0x00000290       0x68 ./src/sha1.o
 .debug_ranges  0x000002f8       0x20 ./src/spi.o
 .debug_ranges  0x00000318       0x50 ./src/usart.o

.debug_macro
 *(.debug_macro)
OUTPUT(SecureBoot.elf elf32-avr)
LOAD linker stubs

.FW             0x0003df00        0x0

.XMEM           0x00802200        0x0

Cross Reference Table

Symbol                                            File
AES_CBC_decrypt_buffer                            ./src/aes.o
                                                  ./src/main.o
AES_CBC_encrypt_buffer                            ./src/aes.o
AES_ECB_decrypt                                   ./src/aes.o
AES_ECB_encrypt                                   ./src/aes.o
BootLoader                                        ./src/main.o
CRC                                               ./src/crc.o
                                                  ./src/usart.o
                                                  ./src/main.o
                                                  ./src/jedecFlash.o
CardType                                          ./src/mmc.o
FlashBusy                                         ./src/jedecFlash.o
FlashCRC                                          ./src/jedecFlash.o
FlashDeInit                                       ./src/jedecFlash.o
                                                  ./src/main.o
FlashEraseBlock                                   ./src/jedecFlash.o
                                                  ./src/main.o
FlashGetCapacity                                  ./src/jedecFlash.o
FlashGetStatus1                                   ./src/jedecFlash.o
FlashInit                                         ./src/jedecFlash.o
                                                  ./src/main.o
FlashRead                                         ./src/jedecFlash.o
                                                  ./src/main.o
FlashWriteDisable                                 ./src/jedecFlash.o
FlashWriteEnable                                  ./src/jedecFlash.o
Read                                              ./src/main.o
SDInit                                            ./src/sdFile.o
                                                  ./src/main.o
SDRead                                            ./src/sdFile.o
                                                  ./src/main.o
SPIDeInit                                         ./src/spi.o
                                                  ./src/main.o
SPIInit                                           ./src/spi.o
                                                  ./src/mmc.o
                                                  ./src/main.o
SPIXfer                                           ./src/spi.o
                                                  ./src/mmc.o
                                                  ./src/jedecFlash.o
SPIXfer3                                          ./src/jedecFlash.o
UartDeInit                                        ./src/usart.o
                                                  ./src/main.o
UartGetC                                          ./src/usart.o
UartInit                                          ./src/usart.o
                                                  ./src/main.o
UartPutC                                          ./src/usart.o
UartRead                                          ./src/usart.o
                                                  ./src/main.o
__bad_interrupt                                   c:/winavr-20100110/bin/../lib/gcc/avr/4.9.2/../../../../avr/lib/avr6/crtm2560.o
__bss_end                                         c:/winavr-20100110/bin/../lib/gcc/avr/4.9.2/avr6\libgcc.a(_clear_bss.o)
__bss_start                                       c:/winavr-20100110/bin/../lib/gcc/avr/4.9.2/avr6\libgcc.a(_clear_bss.o)
__data_end                                        c:/winavr-20100110/bin/../lib/gcc/avr/4.9.2/avr6\libgcc.a(_copy_data.o)
__data_load_start                                 c:/winavr-20100110/bin/../lib/gcc/avr/4.9.2/avr6\libgcc.a(_copy_data.o)
__data_start                                      c:/winavr-20100110/bin/../lib/gcc/avr/4.9.2/avr6\libgcc.a(_copy_data.o)
__do_clear_bss                                    c:/winavr-20100110/bin/../lib/gcc/avr/4.9.2/avr6\libgcc.a(_clear_bss.o)
                                                  ./src/sdFile.o
                                                  ./src/pff.o
                                                  ./src/mmc.o
                                                  ./src/main.o
                                                  ./src/aes.o
__do_copy_data                                    c:/winavr-20100110/bin/../lib/gcc/avr/4.9.2/avr6\libgcc.a(_copy_data.o)
                                                  ./src/sha1.o
                                                  ./src/sdFile.o
                                                  ./src/main.o
                                                  ./src/aes.o
__heap_end                                        c:/winavr-20100110/bin/../lib/gcc/avr/4.9.2/../../../../avr/lib/avr6/crtm2560.o
__init                                            c:/winavr-20100110/bin/../lib/gcc/avr/4.9.2/../../../../avr/lib/avr6/crtm2560.o
__muluhisi3                                       c:/winavr-20100110/bin/../lib/gcc/avr/4.9.2/avr6\libgcc.a(_muluhisi3.o)
                                                  ./src/pff.o
__stack                                           c:/winavr-20100110/bin/../lib/gcc/avr/4.9.2/../../../../avr/lib/avr6/crtm2560.o
__udivmodqi4                                      c:/winavr-20100110/bin/../lib/gcc/avr/4.9.2/avr6\libgcc.a(_udivmodqi4.o)
                                                  ./src/sha1.o
__udivmodsi4                                      c:/winavr-20100110/bin/../lib/gcc/avr/4.9.2/avr6\libgcc.a(_udivmodsi4.o)
                                                  ./src/pff.o
__umulhisi3                                       c:/winavr-20100110/bin/../lib/gcc/avr/4.9.2/avr6\libgcc.a(_umulhisi3.o)
                                                  c:/winavr-20100110/bin/../lib/gcc/avr/4.9.2/avr6\libgcc.a(_muluhisi3.o)
                                                  ./src/pff.o
__vector_1                                        c:/winavr-20100110/bin/../lib/gcc/avr/4.9.2/../../../../avr/lib/avr6/crtm2560.o
__vector_10                                       c:/winavr-20100110/bin/../lib/gcc/avr/4.9.2/../../../../avr/lib/avr6/crtm2560.o
__vector_11                                       c:/winavr-20100110/bin/../lib/gcc/avr/4.9.2/../../../../avr/lib/avr6/crtm2560.o
__vector_12                                       c:/winavr-20100110/bin/../lib/gcc/avr/4.9.2/../../../../avr/lib/avr6/crtm2560.o
__vector_13                                       c:/winavr-20100110/bin/../lib/gcc/avr/4.9.2/../../../../avr/lib/avr6/crtm2560.o
__vector_14                                       c:/winavr-20100110/bin/../lib/gcc/avr/4.9.2/../../../../avr/lib/avr6/crtm2560.o
__vector_15                                       c:/winavr-20100110/bin/../lib/gcc/avr/4.9.2/../../../../avr/lib/avr6/crtm2560.o
__vector_16                                       c:/winavr-20100110/bin/../lib/gcc/avr/4.9.2/../../../../avr/lib/avr6/crtm2560.o
__vector_17                                       c:/winavr-20100110/bin/../lib/gcc/avr/4.9.2/../../../../avr/lib/avr6/crtm2560.o
__vector_18                                       c:/winavr-20100110/bin/../lib/gcc/avr/4.9.2/../../../../avr/lib/avr6/crtm2560.o
__vector_19                                       c:/winavr-20100110/bin/../lib/gcc/avr/4.9.2/../../../../avr/lib/avr6/crtm2560.o
__vector_2                                        c:/winavr-20100110/bin/../lib/gcc/avr/4.9.2/../../../../avr/lib/avr6/crtm2560.o
__vector_20                                       c:/winavr-20100110/bin/../lib/gcc/avr/4.9.2/../../../../avr/lib/avr6/crtm2560.o
__vector_21                                       c:/winavr-20100110/bin/../lib/gcc/avr/4.9.2/../../../../avr/lib/avr6/crtm2560.o
__vector_22                                       c:/winavr-20100110/bin/../lib/gcc/avr/4.9.2/../../../../avr/lib/avr6/crtm2560.o
__vector_23                                       c:/winavr-20100110/bin/../lib/gcc/avr/4.9.2/../../../../avr/lib/avr6/crtm2560.o
__vector_24                                       c:/winavr-20100110/bin/../lib/gcc/avr/4.9.2/../../../../avr/lib/avr6/crtm2560.o
__vector_25                                       c:/winavr-20100110/bin/../lib/gcc/avr/4.9.2/../../../../avr/lib/avr6/crtm2560.o
__vector_26                                       c:/winavr-20100110/bin/../lib/gcc/avr/4.9.2/../../../../avr/lib/avr6/crtm2560.o
__vector_27                                       c:/winavr-20100110/bin/../lib/gcc/avr/4.9.2/../../../../avr/lib/avr6/crtm2560.o
__vector_28                                       c:/winavr-20100110/bin/../lib/gcc/avr/4.9.2/../../../../avr/lib/avr6/crtm2560.o
__vector_29                                       c:/winavr-20100110/bin/../lib/gcc/avr/4.9.2/../../../../avr/lib/avr6/crtm2560.o
__vector_3                                        c:/winavr-20100110/bin/../lib/gcc/avr/4.9.2/../../../../avr/lib/avr6/crtm2560.o
__vector_30                                       c:/winavr-20100110/bin/../lib/gcc/avr/4.9.2/../../../../avr/lib/avr6/crtm2560.o
__vector_31                                       c:/winavr-20100110/bin/../lib/gcc/avr/4.9.2/../../../../avr/lib/avr6/crtm2560.o
__vector_32                                       c:/winavr-20100110/bin/../lib/gcc/avr/4.9.2/../../../../avr/lib/avr6/crtm2560.o
__vector_33                                       c:/winavr-20100110/bin/../lib/gcc/avr/4.9.2/../../../../avr/lib/avr6/crtm2560.o
__vector_34                                       c:/winavr-20100110/bin/../lib/gcc/avr/4.9.2/../../../../avr/lib/avr6/crtm2560.o
__vector_35                                       c:/winavr-20100110/bin/../lib/gcc/avr/4.9.2/../../../../avr/lib/avr6/crtm2560.o
__vector_36                                       c:/winavr-20100110/bin/../lib/gcc/avr/4.9.2/../../../../avr/lib/avr6/crtm2560.o
__vector_37                                       c:/winavr-20100110/bin/../lib/gcc/avr/4.9.2/../../../../avr/lib/avr6/crtm2560.o
__vector_38                                       c:/winavr-20100110/bin/../lib/gcc/avr/4.9.2/../../../../avr/lib/avr6/crtm2560.o
__vector_39                                       c:/winavr-20100110/bin/../lib/gcc/avr/4.9.2/../../../../avr/lib/avr6/crtm2560.o
__vector_4                                        c:/winavr-20100110/bin/../lib/gcc/avr/4.9.2/../../../../avr/lib/avr6/crtm2560.o
__vector_40                                       c:/winavr-20100110/bin/../lib/gcc/avr/4.9.2/../../../../avr/lib/avr6/crtm2560.o
__vector_41                                       c:/winavr-20100110/bin/../lib/gcc/avr/4.9.2/../../../../avr/lib/avr6/crtm2560.o
__vector_42                                       c:/winavr-20100110/bin/../lib/gcc/avr/4.9.2/../../../../avr/lib/avr6/crtm2560.o
__vector_43                                       c:/winavr-20100110/bin/../lib/gcc/avr/4.9.2/../../../../avr/lib/avr6/crtm2560.o
__vector_44                                       c:/winavr-20100110/bin/../lib/gcc/avr/4.9.2/../../../../avr/lib/avr6/crtm2560.o
__vector_45                                       c:/winavr-20100110/bin/../lib/gcc/avr/4.9.2/../../../../avr/lib/avr6/crtm2560.o
__vector_46                                       c:/winavr-20100110/bin/../lib/gcc/avr/4.9.2/../../../../avr/lib/avr6/crtm2560.o
__vector_47                                       c:/winavr-20100110/bin/../lib/gcc/avr/4.9.2/../../../../avr/lib/avr6/crtm2560.o
__vector_48                                       c:/winavr-20100110/bin/../lib/gcc/avr/4.9.2/../../../../avr/lib/avr6/crtm2560.o
__vector_49                                       c:/winavr-20100110/bin/../lib/gcc/avr/4.9.2/../../../../avr/lib/avr6/crtm2560.o
__vector_5                                        c:/winavr-20100110/bin/../lib/gcc/avr/4.9.2/../../../../avr/lib/avr6/crtm2560.o
__vector_50                                       c:/winavr-20100110/bin/../lib/gcc/avr/4.9.2/../../../../avr/lib/avr6/crtm2560.o
__vector_51                                       c:/winavr-20100110/bin/../lib/gcc/avr/4.9.2/../../../../avr/lib/avr6/crtm2560.o
__vector_52                                       c:/winavr-20100110/bin/../lib/gcc/avr/4.9.2/../../../../avr/lib/avr6/crtm2560.o
__vector_53                                       c:/winavr-20100110/bin/../lib/gcc/avr/4.9.2/../../../../avr/lib/avr6/crtm2560.o
__vector_54                                       c:/winavr-20100110/bin/../lib/gcc/avr/4.9.2/../../../../avr/lib/avr6/crtm2560.o
__vector_55                                       c:/winavr-20100110/bin/../lib/gcc/avr/4.9.2/../../../../avr/lib/avr6/crtm2560.o
__vector_56                                       c:/winavr-20100110/bin/../lib/gcc/avr/4.9.2/../../../../avr/lib/avr6/crtm2560.o
__vector_6                                        c:/winavr-20100110/bin/../lib/gcc/avr/4.9.2/../../../../avr/lib/avr6/crtm2560.o
__vector_7                                        c:/winavr-20100110/bin/../lib/gcc/avr/4.9.2/../../../../avr/lib/avr6/crtm2560.o
__vector_8                                        c:/winavr-20100110/bin/../lib/gcc/avr/4.9.2/../../../../avr/lib/avr6/crtm2560.o
__vector_9                                        c:/winavr-20100110/bin/../lib/gcc/avr/4.9.2/../../../../avr/lib/avr6/crtm2560.o
__vector_default                                  c:/winavr-20100110/bin/../lib/gcc/avr/4.9.2/../../../../avr/lib/avr6/crtm2560.o
__vectors                                         c:/winavr-20100110/bin/../lib/gcc/avr/4.9.2/../../../../avr/lib/avr6/crtm2560.o
_exit                                             c:/winavr-20100110/bin/../lib/gcc/avr/4.9.2/avr6\libgcc.a(_exit.o)
aesIVSize                                         ./src/main.o
aesIvAddress                                      ./src/main.o
boot_program_page                                 ./src/main.o
dataSource                                        ./src/main.o
disk_initialize                                   ./src/mmc.o
                                                  ./src/pff.o
disk_readp                                        ./src/mmc.o
                                                  ./src/pff.o
exit                                              c:/winavr-20100110/bin/../lib/gcc/avr/4.9.2/avr6\libgcc.a(_exit.o)
                                                  c:/winavr-20100110/bin/../lib/gcc/avr/4.9.2/../../../../avr/lib/avr6/crtm2560.o
fileIDAddress                                     ./src/main.o
fileIDSize                                        ./src/main.o
firmwareAddress                                   ./src/main.o
firmwareSize                                      ./src/main.o
flashEraseBlockSize                               ./src/main.o
flashOffset                                       ./src/main.o
fs                                                ./src/sdFile.o
main                                              ./src/main.o
                                                  c:/winavr-20100110/bin/../lib/gcc/avr/4.9.2/../../../../avr/lib/avr6/crtm2560.o
memcmp                                            c:/winavr-20100110/bin/../lib/gcc/avr/4.9.2/../../../../avr/lib/avr6\libc.a(memcmp.o)
                                                  ./src/pff.o
                                                  ./src/main.o
memcpy                                            c:/winavr-20100110/bin/../lib/gcc/avr/4.9.2/../../../../avr/lib/avr6\libc.a(memcpy.o)
                                                  ./src/aes.o
memset                                            c:/winavr-20100110/bin/../lib/gcc/avr/4.9.2/../../../../avr/lib/avr6\libc.a(memset.o)
                                                  ./src/pff.o
pf_mount                                          ./src/pff.o
                                                  ./src/sdFile.o
pf_open                                           ./src/pff.o
                                                  ./src/sdFile.o
pf_read                                           ./src/pff.o
                                                  ./src/sdFile.o
sha1_final                                        ./src/sha1.o
                                                  ./src/main.o
sha1_helper                                       ./src/sha1.o
sha1_init                                         ./src/sha1.o
                                                  ./src/main.o
sha1_transform                                    ./src/sha1.o
sha1_update                                       ./src/sha1.o
                                                  ./src/main.o
sha_pad                                           ./src/sha1.o
signatureAddress                                  ./src/main.o
signatureSize                                     ./src/main.o
