Archive member included to satisfy reference by file (symbol)

c:/winavr-20100110/bin/../lib/gcc/avr/7.1.0/avr6\libgcc.a(_udivmodqi4.o)
                              ./src/sha1.o (__udivmodqi4)
c:/winavr-20100110/bin/../lib/gcc/avr/7.1.0/avr6\libgcc.a(_udivmodsi4.o)
                              ./src/pff.o (__udivmodsi4)
c:/winavr-20100110/bin/../lib/gcc/avr/7.1.0/avr6\libgcc.a(_exit.o)
                              c:/winavr-20100110/bin/../lib/gcc/avr/7.1.0/../../../../avr/lib/avr6/crtatmega2560.o (exit)
c:/winavr-20100110/bin/../lib/gcc/avr/7.1.0/avr6\libgcc.a(_copy_data.o)
                              ./src/aes.o (__do_copy_data)
c:/winavr-20100110/bin/../lib/gcc/avr/7.1.0/avr6\libgcc.a(_clear_bss.o)
                              ./src/aes.o (__do_clear_bss)
c:/winavr-20100110/bin/../lib/gcc/avr/7.1.0/avr6\libgcc.a(_umulhisi3.o)
                              ./src/pff.o (__umulhisi3)
c:/winavr-20100110/bin/../lib/gcc/avr/7.1.0/avr6\libgcc.a(_muluhisi3.o)
                              ./src/pff.o (__muluhisi3)
c:/winavr-20100110/bin/../lib/gcc/avr/7.1.0/../../../../avr/lib/avr6\libc.a(memcmp.o)
                              ./src/main.o (memcmp)
c:/winavr-20100110/bin/../lib/gcc/avr/7.1.0/../../../../avr/lib/avr6\libc.a(memcpy.o)
                              ./src/aes.o (memcpy)
c:/winavr-20100110/bin/../lib/gcc/avr/7.1.0/../../../../avr/lib/avr6\libc.a(memset.o)
                              ./src/pff.o (memset)

Allocating common symbols
Common symbol       size              file

CardType            0x1               ./src/mmc.o
fs                  0x24              ./src/sdFile.o
dataSource          0x1               ./src/main.o

Discarded input sections

 .data          0x00000000        0x0 c:/winavr-20100110/bin/../lib/gcc/avr/7.1.0/../../../../avr/lib/avr6/crtatmega2560.o
 .bss           0x00000000        0x0 c:/winavr-20100110/bin/../lib/gcc/avr/7.1.0/../../../../avr/lib/avr6/crtatmega2560.o
 .text          0x00000000        0x0 ./src/aes.o
 .data          0x00000000        0x0 ./src/aes.o
 .bss           0x00000000        0x0 ./src/aes.o
 .text.SubBytes
                0x00000000       0x2e ./src/aes.o
 .text.ShiftRows
                0x00000000       0x3a ./src/aes.o
 .text.Cipher   0x00000000       0xb8 ./src/aes.o
 .text.AES_ECB_encrypt
                0x00000000       0x36 ./src/aes.o
 .text.AES_ECB_decrypt
                0x00000000       0x36 ./src/aes.o
 .text.AES_CBC_encrypt_buffer
                0x00000000       0xdc ./src/aes.o
 .text          0x00000000        0x0 ./src/crc.o
 .data          0x00000000        0x0 ./src/crc.o
 .bss           0x00000000        0x0 ./src/crc.o
 .text          0x00000000        0x0 ./src/jedecFlash.o
 .data          0x00000000        0x0 ./src/jedecFlash.o
 .bss           0x00000000        0x0 ./src/jedecFlash.o
 .text.SPIXfer3
                0x00000000       0x1c ./src/jedecFlash.o
 .text.FlashGetCapacity
                0x00000000       0x80 ./src/jedecFlash.o
 .text.FlashCRC
                0x00000000       0x86 ./src/jedecFlash.o
 .text          0x00000000        0x0 ./src/main.o
 .data          0x00000000        0x0 ./src/main.o
 .bss           0x00000000        0x0 ./src/main.o
 .rodata.firmwareSize
                0x00000000        0x4 ./src/main.o
 .rodata.firmwareAddress
                0x00000000        0x4 ./src/main.o
 .rodata.aesIVSize
                0x00000000        0x4 ./src/main.o
 .rodata.aesIvAddress
                0x00000000        0x4 ./src/main.o
 .rodata.signatureSize
                0x00000000        0x4 ./src/main.o
 .rodata.signatureAddress
                0x00000000        0x4 ./src/main.o
 .rodata.fileIDSize
                0x00000000        0x4 ./src/main.o
 .rodata.fileIDAddress
                0x00000000        0x4 ./src/main.o
 .rodata.flashOffset
                0x00000000        0x2 ./src/main.o
 .rodata.flashEraseBlockSize
                0x00000000        0x2 ./src/main.o
 .text          0x00000000        0x0 ./src/mmc.o
 .data          0x00000000        0x0 ./src/mmc.o
 .bss           0x00000000        0x0 ./src/mmc.o
 .text          0x00000000        0x0 ./src/pff.o
 .data          0x00000000        0x0 ./src/pff.o
 .bss           0x00000000        0x0 ./src/pff.o
 .text          0x00000000        0x0 ./src/sdFile.o
 .data          0x00000000        0x0 ./src/sdFile.o
 .bss           0x00000000        0x0 ./src/sdFile.o
 .text          0x00000000        0x0 ./src/sha1.o
 .data          0x00000000        0x0 ./src/sha1.o
 .bss           0x00000000        0x0 ./src/sha1.o
 .text.sha_pad  0x00000000       0x28 ./src/sha1.o
 .text          0x00000000        0x0 ./src/spi.o
 .data          0x00000000        0x0 ./src/spi.o
 .bss           0x00000000        0x0 ./src/spi.o
 .text          0x00000000        0x0 ./src/usart.o
 .data          0x00000000        0x0 ./src/usart.o
 .bss           0x00000000        0x0 ./src/usart.o
 .text          0x00000000        0x0 c:/winavr-20100110/bin/../lib/gcc/avr/7.1.0/avr6\libgcc.a(_udivmodqi4.o)
 .data          0x00000000        0x0 c:/winavr-20100110/bin/../lib/gcc/avr/7.1.0/avr6\libgcc.a(_udivmodqi4.o)
 .bss           0x00000000        0x0 c:/winavr-20100110/bin/../lib/gcc/avr/7.1.0/avr6\libgcc.a(_udivmodqi4.o)
 .text.libgcc.mul
                0x00000000        0x0 c:/winavr-20100110/bin/../lib/gcc/avr/7.1.0/avr6\libgcc.a(_udivmodqi4.o)
 .text.libgcc   0x00000000        0x0 c:/winavr-20100110/bin/../lib/gcc/avr/7.1.0/avr6\libgcc.a(_udivmodqi4.o)
 .text.libgcc.prologue
                0x00000000        0x0 c:/winavr-20100110/bin/../lib/gcc/avr/7.1.0/avr6\libgcc.a(_udivmodqi4.o)
 .text.libgcc.builtins
                0x00000000        0x0 c:/winavr-20100110/bin/../lib/gcc/avr/7.1.0/avr6\libgcc.a(_udivmodqi4.o)
 .text.libgcc.fmul
                0x00000000        0x0 c:/winavr-20100110/bin/../lib/gcc/avr/7.1.0/avr6\libgcc.a(_udivmodqi4.o)
 .text.libgcc.fixed
                0x00000000        0x0 c:/winavr-20100110/bin/../lib/gcc/avr/7.1.0/avr6\libgcc.a(_udivmodqi4.o)
 .text          0x00000000        0x0 c:/winavr-20100110/bin/../lib/gcc/avr/7.1.0/avr6\libgcc.a(_udivmodsi4.o)
 .data          0x00000000        0x0 c:/winavr-20100110/bin/../lib/gcc/avr/7.1.0/avr6\libgcc.a(_udivmodsi4.o)
 .bss           0x00000000        0x0 c:/winavr-20100110/bin/../lib/gcc/avr/7.1.0/avr6\libgcc.a(_udivmodsi4.o)
 .text.libgcc.mul
                0x00000000        0x0 c:/winavr-20100110/bin/../lib/gcc/avr/7.1.0/avr6\libgcc.a(_udivmodsi4.o)
 .text.libgcc   0x00000000        0x0 c:/winavr-20100110/bin/../lib/gcc/avr/7.1.0/avr6\libgcc.a(_udivmodsi4.o)
 .text.libgcc.prologue
                0x00000000        0x0 c:/winavr-20100110/bin/../lib/gcc/avr/7.1.0/avr6\libgcc.a(_udivmodsi4.o)
 .text.libgcc.builtins
                0x00000000        0x0 c:/winavr-20100110/bin/../lib/gcc/avr/7.1.0/avr6\libgcc.a(_udivmodsi4.o)
 .text.libgcc.fmul
                0x00000000        0x0 c:/winavr-20100110/bin/../lib/gcc/avr/7.1.0/avr6\libgcc.a(_udivmodsi4.o)
 .text.libgcc.fixed
                0x00000000        0x0 c:/winavr-20100110/bin/../lib/gcc/avr/7.1.0/avr6\libgcc.a(_udivmodsi4.o)
 .text          0x00000000        0x0 c:/winavr-20100110/bin/../lib/gcc/avr/7.1.0/avr6\libgcc.a(_exit.o)
 .data          0x00000000        0x0 c:/winavr-20100110/bin/../lib/gcc/avr/7.1.0/avr6\libgcc.a(_exit.o)
 .bss           0x00000000        0x0 c:/winavr-20100110/bin/../lib/gcc/avr/7.1.0/avr6\libgcc.a(_exit.o)
 .text.libgcc.mul
                0x00000000        0x0 c:/winavr-20100110/bin/../lib/gcc/avr/7.1.0/avr6\libgcc.a(_exit.o)
 .text.libgcc.div
                0x00000000        0x0 c:/winavr-20100110/bin/../lib/gcc/avr/7.1.0/avr6\libgcc.a(_exit.o)
 .text.libgcc   0x00000000        0x0 c:/winavr-20100110/bin/../lib/gcc/avr/7.1.0/avr6\libgcc.a(_exit.o)
 .text.libgcc.prologue
                0x00000000        0x0 c:/winavr-20100110/bin/../lib/gcc/avr/7.1.0/avr6\libgcc.a(_exit.o)
 .text.libgcc.builtins
                0x00000000        0x0 c:/winavr-20100110/bin/../lib/gcc/avr/7.1.0/avr6\libgcc.a(_exit.o)
 .text.libgcc.fmul
                0x00000000        0x0 c:/winavr-20100110/bin/../lib/gcc/avr/7.1.0/avr6\libgcc.a(_exit.o)
 .text.libgcc.fixed
                0x00000000        0x0 c:/winavr-20100110/bin/../lib/gcc/avr/7.1.0/avr6\libgcc.a(_exit.o)
 .text          0x00000000        0x0 c:/winavr-20100110/bin/../lib/gcc/avr/7.1.0/avr6\libgcc.a(_copy_data.o)
 .data          0x00000000        0x0 c:/winavr-20100110/bin/../lib/gcc/avr/7.1.0/avr6\libgcc.a(_copy_data.o)
 .bss           0x00000000        0x0 c:/winavr-20100110/bin/../lib/gcc/avr/7.1.0/avr6\libgcc.a(_copy_data.o)
 .text.libgcc.mul
                0x00000000        0x0 c:/winavr-20100110/bin/../lib/gcc/avr/7.1.0/avr6\libgcc.a(_copy_data.o)
 .text.libgcc.div
                0x00000000        0x0 c:/winavr-20100110/bin/../lib/gcc/avr/7.1.0/avr6\libgcc.a(_copy_data.o)
 .text.libgcc   0x00000000        0x0 c:/winavr-20100110/bin/../lib/gcc/avr/7.1.0/avr6\libgcc.a(_copy_data.o)
 .text.libgcc.prologue
                0x00000000        0x0 c:/winavr-20100110/bin/../lib/gcc/avr/7.1.0/avr6\libgcc.a(_copy_data.o)
 .text.libgcc.builtins
                0x00000000        0x0 c:/winavr-20100110/bin/../lib/gcc/avr/7.1.0/avr6\libgcc.a(_copy_data.o)
 .text.libgcc.fmul
                0x00000000        0x0 c:/winavr-20100110/bin/../lib/gcc/avr/7.1.0/avr6\libgcc.a(_copy_data.o)
 .text.libgcc.fixed
                0x00000000        0x0 c:/winavr-20100110/bin/../lib/gcc/avr/7.1.0/avr6\libgcc.a(_copy_data.o)
 .text          0x00000000        0x0 c:/winavr-20100110/bin/../lib/gcc/avr/7.1.0/avr6\libgcc.a(_clear_bss.o)
 .data          0x00000000        0x0 c:/winavr-20100110/bin/../lib/gcc/avr/7.1.0/avr6\libgcc.a(_clear_bss.o)
 .bss           0x00000000        0x0 c:/winavr-20100110/bin/../lib/gcc/avr/7.1.0/avr6\libgcc.a(_clear_bss.o)
 .text.libgcc.mul
                0x00000000        0x0 c:/winavr-20100110/bin/../lib/gcc/avr/7.1.0/avr6\libgcc.a(_clear_bss.o)
 .text.libgcc.div
                0x00000000        0x0 c:/winavr-20100110/bin/../lib/gcc/avr/7.1.0/avr6\libgcc.a(_clear_bss.o)
 .text.libgcc   0x00000000        0x0 c:/winavr-20100110/bin/../lib/gcc/avr/7.1.0/avr6\libgcc.a(_clear_bss.o)
 .text.libgcc.prologue
                0x00000000        0x0 c:/winavr-20100110/bin/../lib/gcc/avr/7.1.0/avr6\libgcc.a(_clear_bss.o)
 .text.libgcc.builtins
                0x00000000        0x0 c:/winavr-20100110/bin/../lib/gcc/avr/7.1.0/avr6\libgcc.a(_clear_bss.o)
 .text.libgcc.fmul
                0x00000000        0x0 c:/winavr-20100110/bin/../lib/gcc/avr/7.1.0/avr6\libgcc.a(_clear_bss.o)
 .text.libgcc.fixed
                0x00000000        0x0 c:/winavr-20100110/bin/../lib/gcc/avr/7.1.0/avr6\libgcc.a(_clear_bss.o)
 .text          0x00000000        0x0 c:/winavr-20100110/bin/../lib/gcc/avr/7.1.0/avr6\libgcc.a(_umulhisi3.o)
 .data          0x00000000        0x0 c:/winavr-20100110/bin/../lib/gcc/avr/7.1.0/avr6\libgcc.a(_umulhisi3.o)
 .bss           0x00000000        0x0 c:/winavr-20100110/bin/../lib/gcc/avr/7.1.0/avr6\libgcc.a(_umulhisi3.o)
 .text.libgcc.div
                0x00000000        0x0 c:/winavr-20100110/bin/../lib/gcc/avr/7.1.0/avr6\libgcc.a(_umulhisi3.o)
 .text.libgcc   0x00000000        0x0 c:/winavr-20100110/bin/../lib/gcc/avr/7.1.0/avr6\libgcc.a(_umulhisi3.o)
 .text.libgcc.prologue
                0x00000000        0x0 c:/winavr-20100110/bin/../lib/gcc/avr/7.1.0/avr6\libgcc.a(_umulhisi3.o)
 .text.libgcc.builtins
                0x00000000        0x0 c:/winavr-20100110/bin/../lib/gcc/avr/7.1.0/avr6\libgcc.a(_umulhisi3.o)
 .text.libgcc.fmul
                0x00000000        0x0 c:/winavr-20100110/bin/../lib/gcc/avr/7.1.0/avr6\libgcc.a(_umulhisi3.o)
 .text.libgcc.fixed
                0x00000000        0x0 c:/winavr-20100110/bin/../lib/gcc/avr/7.1.0/avr6\libgcc.a(_umulhisi3.o)
 .text          0x00000000        0x0 c:/winavr-20100110/bin/../lib/gcc/avr/7.1.0/avr6\libgcc.a(_muluhisi3.o)
 .data          0x00000000        0x0 c:/winavr-20100110/bin/../lib/gcc/avr/7.1.0/avr6\libgcc.a(_muluhisi3.o)
 .bss           0x00000000        0x0 c:/winavr-20100110/bin/../lib/gcc/avr/7.1.0/avr6\libgcc.a(_muluhisi3.o)
 .text.libgcc.div
                0x00000000        0x0 c:/winavr-20100110/bin/../lib/gcc/avr/7.1.0/avr6\libgcc.a(_muluhisi3.o)
 .text.libgcc   0x00000000        0x0 c:/winavr-20100110/bin/../lib/gcc/avr/7.1.0/avr6\libgcc.a(_muluhisi3.o)
 .text.libgcc.prologue
                0x00000000        0x0 c:/winavr-20100110/bin/../lib/gcc/avr/7.1.0/avr6\libgcc.a(_muluhisi3.o)
 .text.libgcc.builtins
                0x00000000        0x0 c:/winavr-20100110/bin/../lib/gcc/avr/7.1.0/avr6\libgcc.a(_muluhisi3.o)
 .text.libgcc.fmul
                0x00000000        0x0 c:/winavr-20100110/bin/../lib/gcc/avr/7.1.0/avr6\libgcc.a(_muluhisi3.o)
 .text.libgcc.fixed
                0x00000000        0x0 c:/winavr-20100110/bin/../lib/gcc/avr/7.1.0/avr6\libgcc.a(_muluhisi3.o)
 .text          0x00000000        0x0 c:/winavr-20100110/bin/../lib/gcc/avr/7.1.0/../../../../avr/lib/avr6\libc.a(memcmp.o)
 .data          0x00000000        0x0 c:/winavr-20100110/bin/../lib/gcc/avr/7.1.0/../../../../avr/lib/avr6\libc.a(memcmp.o)
 .bss           0x00000000        0x0 c:/winavr-20100110/bin/../lib/gcc/avr/7.1.0/../../../../avr/lib/avr6\libc.a(memcmp.o)
 .text          0x00000000        0x0 c:/winavr-20100110/bin/../lib/gcc/avr/7.1.0/../../../../avr/lib/avr6\libc.a(memcpy.o)
 .data          0x00000000        0x0 c:/winavr-20100110/bin/../lib/gcc/avr/7.1.0/../../../../avr/lib/avr6\libc.a(memcpy.o)
 .bss           0x00000000        0x0 c:/winavr-20100110/bin/../lib/gcc/avr/7.1.0/../../../../avr/lib/avr6\libc.a(memcpy.o)
 .text.avr-libc
                0x00000000       0x12 c:/winavr-20100110/bin/../lib/gcc/avr/7.1.0/../../../../avr/lib/avr6\libc.a(memcpy.o)
 .text          0x00000000        0x0 c:/winavr-20100110/bin/../lib/gcc/avr/7.1.0/../../../../avr/lib/avr6\libc.a(memset.o)
 .data          0x00000000        0x0 c:/winavr-20100110/bin/../lib/gcc/avr/7.1.0/../../../../avr/lib/avr6\libc.a(memset.o)
 .bss           0x00000000        0x0 c:/winavr-20100110/bin/../lib/gcc/avr/7.1.0/../../../../avr/lib/avr6\libc.a(memset.o)

Memory Configuration

Name             Origin             Length             Attributes
text             0x00000000         0x00100000         xr
data             0x00800200         0x0000fe00         rw !x
eeprom           0x00810000         0x00010000         rw !x
fuse             0x00820000         0x00000400         rw !x
lock             0x00830000         0x00000400         rw !x
signature        0x00840000         0x00000400         rw !x
user_signatures  0x00850000         0x00000400         rw !x
*default*        0x00000000         0xffffffff

Linker script and memory map

Address of section .data set to 0x800200
LOAD c:/winavr-20100110/bin/../lib/gcc/avr/7.1.0/../../../../avr/lib/avr6/crtatmega2560.o
Address of section .text set to 0x3e000
LOAD ./src/aes.o
LOAD ./src/crc.o
LOAD ./src/jedecFlash.o
LOAD ./src/main.o
LOAD ./src/mmc.o
LOAD ./src/pff.o
LOAD ./src/sdFile.o
LOAD ./src/sha1.o
LOAD ./src/spi.o
LOAD ./src/usart.o
LOAD c:/winavr-20100110/bin/../lib/gcc/avr/7.1.0/../../../../avr/lib/avr6\libm.a
Address of section .FW set to 0x3df00
Address of section .XMEM set to 0x802200
LOAD c:/winavr-20100110/bin/../lib/gcc/avr/7.1.0/avr6\libgcc.a
LOAD c:/winavr-20100110/bin/../lib/gcc/avr/7.1.0/../../../../avr/lib/avr6\libm.a
LOAD c:/winavr-20100110/bin/../lib/gcc/avr/7.1.0/../../../../avr/lib/avr6\libc.a
START GROUP
LOAD c:/winavr-20100110/bin/../lib/gcc/avr/7.1.0/avr6\libgcc.a
LOAD c:/winavr-20100110/bin/../lib/gcc/avr/7.1.0/../../../../avr/lib/avr6\libm.a
LOAD c:/winavr-20100110/bin/../lib/gcc/avr/7.1.0/../../../../avr/lib/avr6\libc.a
LOAD c:/winavr-20100110/bin/../lib/gcc/avr/7.1.0/../../../../avr/lib/avr6\libatmega2560.a
END GROUP
                0x00100000                __TEXT_REGION_LENGTH__ = DEFINED (__TEXT_REGION_LENGTH__)?__TEXT_REGION_LENGTH__:0x100000
                0x0000fe00                __DATA_REGION_LENGTH__ = DEFINED (__DATA_REGION_LENGTH__)?__DATA_REGION_LENGTH__:0xfe00
                0x00010000                __EEPROM_REGION_LENGTH__ = DEFINED (__EEPROM_REGION_LENGTH__)?__EEPROM_REGION_LENGTH__:0x10000
                0x00000400                __FUSE_REGION_LENGTH__ = DEFINED (__FUSE_REGION_LENGTH__)?__FUSE_REGION_LENGTH__:0x400
                0x00000400                __LOCK_REGION_LENGTH__ = DEFINED (__LOCK_REGION_LENGTH__)?__LOCK_REGION_LENGTH__:0x400
                0x00000400                __SIGNATURE_REGION_LENGTH__ = DEFINED (__SIGNATURE_REGION_LENGTH__)?__SIGNATURE_REGION_LENGTH__:0x400
                0x00000400                __USER_SIGNATURE_REGION_LENGTH__ = DEFINED (__USER_SIGNATURE_REGION_LENGTH__)?__USER_SIGNATURE_REGION_LENGTH__:0x400

.hash
 *(.hash)

.dynsym
 *(.dynsym)

.dynstr
 *(.dynstr)

.gnu.version
 *(.gnu.version)

.gnu.version_d
 *(.gnu.version_d)

.gnu.version_r
 *(.gnu.version_r)

.rel.init
 *(.rel.init)

.rela.init
 *(.rela.init)

.rel.text
 *(.rel.text)
 *(.rel.text.*)
 *(.rel.gnu.linkonce.t*)

.rela.text
 *(.rela.text)
 *(.rela.text.*)
 *(.rela.gnu.linkonce.t*)

.rel.fini
 *(.rel.fini)

.rela.fini
 *(.rela.fini)

.rel.rodata
 *(.rel.rodata)
 *(.rel.rodata.*)
 *(.rel.gnu.linkonce.r*)

.rela.rodata
 *(.rela.rodata)
 *(.rela.rodata.*)
 *(.rela.gnu.linkonce.r*)

.rel.data
 *(.rel.data)
 *(.rel.data.*)
 *(.rel.gnu.linkonce.d*)

.rela.data
 *(.rela.data)
 *(.rela.data.*)
 *(.rela.gnu.linkonce.d*)

.rel.ctors
 *(.rel.ctors)

.rela.ctors
 *(.rela.ctors)

.rel.dtors
 *(.rel.dtors)

.rela.dtors
 *(.rela.dtors)

.rel.got
 *(.rel.got)

.rela.got
 *(.rela.got)

.rel.bss
 *(.rel.bss)

.rela.bss
 *(.rela.bss)

.rel.plt
 *(.rel.plt)

.rela.plt
 *(.rela.plt)

.text           0x0003e000     0x1c8a
 *(.vectors)
 .vectors       0x0003e000       0xe4 c:/winavr-20100110/bin/../lib/gcc/avr/7.1.0/../../../../avr/lib/avr6/crtatmega2560.o
                0x0003e000                __vector_default
                0x0003e000                __vectors
 *(.vectors)
 *(.progmem.gcc*)
                0x0003e0e4                . = ALIGN (0x2)
                0x0003e0e4                __trampolines_start = .
 *(.trampolines)
 .trampolines   0x0003e0e4        0x0 linker stubs
 *(.trampolines*)
                0x0003e0e4                __trampolines_end = .
 *libprintf_flt.a:*(.progmem.data)
 *libc.a:*(.progmem.data)
 *(.progmem*)
                0x0003e0e4                . = ALIGN (0x2)
 *(.jumptables)
 *(.jumptables*)
 *(.lowtext)
 *(.lowtext*)
                0x0003e0e4                __ctors_start = .
 *(.ctors)
                0x0003e0e4                __ctors_end = .
                0x0003e0e4                __dtors_start = .
 *(.dtors)
                0x0003e0e4                __dtors_end = .
 SORT(*)(.ctors)
 SORT(*)(.dtors)
 *(.init0)
 .init0         0x0003e0e4        0x0 c:/winavr-20100110/bin/../lib/gcc/avr/7.1.0/../../../../avr/lib/avr6/crtatmega2560.o
                0x0003e0e4                __init
 *(.init0)
 *(.init1)
 *(.init1)
 *(.init2)
 .init2         0x0003e0e4       0x10 c:/winavr-20100110/bin/../lib/gcc/avr/7.1.0/../../../../avr/lib/avr6/crtatmega2560.o
 *(.init2)
 *(.init3)
 *(.init3)
 *(.init4)
 .init4         0x0003e0f4       0x1a c:/winavr-20100110/bin/../lib/gcc/avr/7.1.0/avr6\libgcc.a(_copy_data.o)
                0x0003e0f4                __do_copy_data
 .init4         0x0003e10e       0x10 c:/winavr-20100110/bin/../lib/gcc/avr/7.1.0/avr6\libgcc.a(_clear_bss.o)
                0x0003e10e                __do_clear_bss
 *(.init4)
 *(.init5)
 *(.init5)
 *(.init6)
 *(.init6)
 *(.init7)
 *(.init7)
 *(.init8)
 *(.init8)
 *(.init9)
 .init9         0x0003e11e        0x6 c:/winavr-20100110/bin/../lib/gcc/avr/7.1.0/../../../../avr/lib/avr6/crtatmega2560.o
 *(.init9)
 *(.text)
 .text          0x0003e124        0x2 c:/winavr-20100110/bin/../lib/gcc/avr/7.1.0/../../../../avr/lib/avr6/crtatmega2560.o
                0x0003e124                __vector_38
                0x0003e124                __vector_22
                0x0003e124                __vector_28
                0x0003e124                __vector_1
                0x0003e124                __vector_32
                0x0003e124                __vector_34
                0x0003e124                __vector_24
                0x0003e124                __vector_12
                0x0003e124                __vector_55
                0x0003e124                __vector_46
                0x0003e124                __bad_interrupt
                0x0003e124                __vector_6
                0x0003e124                __vector_31
                0x0003e124                __vector_35
                0x0003e124                __vector_39
                0x0003e124                __vector_3
                0x0003e124                __vector_23
                0x0003e124                __vector_30
                0x0003e124                __vector_45
                0x0003e124                __vector_25
                0x0003e124                __vector_11
                0x0003e124                __vector_54
                0x0003e124                __vector_13
                0x0003e124                __vector_17
                0x0003e124                __vector_19
                0x0003e124                __vector_56
                0x0003e124                __vector_7
                0x0003e124                __vector_49
                0x0003e124                __vector_41
                0x0003e124                __vector_43
                0x0003e124                __vector_27
                0x0003e124                __vector_5
                0x0003e124                __vector_33
                0x0003e124                __vector_47
                0x0003e124                __vector_52
                0x0003e124                __vector_37
                0x0003e124                __vector_4
                0x0003e124                __vector_44
                0x0003e124                __vector_51
                0x0003e124                __vector_9
                0x0003e124                __vector_2
                0x0003e124                __vector_21
                0x0003e124                __vector_15
                0x0003e124                __vector_36
                0x0003e124                __vector_29
                0x0003e124                __vector_40
                0x0003e124                __vector_8
                0x0003e124                __vector_26
                0x0003e124                __vector_48
                0x0003e124                __vector_14
                0x0003e124                __vector_53
                0x0003e124                __vector_10
                0x0003e124                __vector_50
                0x0003e124                __vector_16
                0x0003e124                __vector_18
                0x0003e124                __vector_20
                0x0003e124                __vector_42
                0x0003e126                . = ALIGN (0x2)
 *(.text.*)
 .text.AddRoundKey
                0x0003e126       0x50 ./src/aes.o
 .text.xtime    0x0003e176       0x16 ./src/aes.o
 .text.InvCipher
                0x0003e18c      0x19a ./src/aes.o
 .text.XorWithIv
                0x0003e326       0x1c ./src/aes.o
 .text.KeyExpansion
                0x0003e342       0xf6 ./src/aes.o
 .text.AES_CBC_decrypt_buffer
                0x0003e438       0x88 ./src/aes.o
                0x0003e438                AES_CBC_decrypt_buffer
 .text.CRC      0x0003e4c0       0x1e ./src/crc.o
                0x0003e4c0                CRC
 .text.FlashInit
                0x0003e4de       0x16 ./src/jedecFlash.o
                0x0003e4de                FlashInit
 .text.FlashDeInit
                0x0003e4f4       0x16 ./src/jedecFlash.o
                0x0003e4f4                FlashDeInit
 .text.FlashGetStatus1
                0x0003e50a       0x26 ./src/jedecFlash.o
                0x0003e50a                FlashGetStatus1
 .text.FlashBusy
                0x0003e530        0x6 ./src/jedecFlash.o
                0x0003e530                FlashBusy
 .text.FlashWriteEnable
                0x0003e536       0x20 ./src/jedecFlash.o
                0x0003e536                FlashWriteEnable
 .text.FlashWriteDisable
                0x0003e556       0x20 ./src/jedecFlash.o
                0x0003e556                FlashWriteDisable
 .text.FlashEraseBlock
                0x0003e576       0x46 ./src/jedecFlash.o
                0x0003e576                FlashEraseBlock
 .text.FlashRead
                0x0003e5bc       0x68 ./src/jedecFlash.o
                0x0003e5bc                FlashRead
 .text.Read     0x0003e624       0x26 ./src/main.o
                0x0003e624                Read
 .text.boot_program_page
                0x0003e64a       0x74 ./src/main.o
                0x0003e64a                boot_program_page
 .text.BootLoader
                0x0003e6be      0x382 ./src/main.o
                0x0003e6be                BootLoader
 .text.startup.main
                0x0003ea40       0x84 ./src/main.o
                0x0003ea40                main
 .text.send_cmd
                0x0003eac4       0x70 ./src/mmc.o
 .text.disk_initialize
                0x0003eb34      0x176 ./src/mmc.o
                0x0003eb34                disk_initialize
 .text.disk_readp
                0x0003ecaa       0xaa ./src/mmc.o
                0x0003ecaa                disk_readp
 .text.clust2sect
                0x0003ed54       0x40 ./src/pff.o
 .text.dir_rewind
                0x0003ed94       0x4e ./src/pff.o
 .text.get_fat  0x0003ede2       0x74 ./src/pff.o
 .text.check_fs
                0x0003ee56       0x6a ./src/pff.o
 .text.pf_mount
                0x0003eec0      0x1e0 ./src/pff.o
                0x0003eec0                pf_mount
 .text.pf_open  0x0003f0a0      0x240 ./src/pff.o
                0x0003f0a0                pf_open
 .text.pf_read  0x0003f2e0      0x17e ./src/pff.o
                0x0003f2e0                pf_read
 .text.SDInit   0x0003f45e       0x1a ./src/sdFile.o
                0x0003f45e                SDInit
 .text.SDRead   0x0003f478       0x52 ./src/sdFile.o
                0x0003f478                SDRead
 .text.sha1_helper
                0x0003f4ca       0x82 ./src/sha1.o
                0x0003f4ca                sha1_helper
 .text.sha1_transform
                0x0003f54c      0x29e ./src/sha1.o
                0x0003f54c                sha1_transform
 .text.sha1_init
                0x0003f7ea       0x5e ./src/sha1.o
                0x0003f7ea                sha1_init
 .text.sha1_update
                0x0003f848       0x86 ./src/sha1.o
                0x0003f848                sha1_update
 .text.sha1_final
                0x0003f8ce       0xfc ./src/sha1.o
                0x0003f8ce                sha1_final
 .text.SPIInit  0x0003f9ca       0x10 ./src/spi.o
                0x0003f9ca                SPIInit
 .text.SPIDeInit
                0x0003f9da        0xa ./src/spi.o
                0x0003f9da                SPIDeInit
 .text.SPIXfer  0x0003f9e4        0xc ./src/spi.o
                0x0003f9e4                SPIXfer
 .text.UartInit
                0x0003f9f0       0x12 ./src/usart.o
                0x0003f9f0                UartInit
 .text.UartDeInit
                0x0003fa02        0xe ./src/usart.o
                0x0003fa02                UartDeInit
 .text.UartPutC
                0x0003fa10        0xe ./src/usart.o
                0x0003fa10                UartPutC
 .text.UartGetC
                0x0003fa1e       0x2e ./src/usart.o
                0x0003fa1e                UartGetC
 .text.UartRead
                0x0003fa4c      0x184 ./src/usart.o
                0x0003fa4c                UartRead
 .text.libgcc.div
                0x0003fbd0       0x18 c:/winavr-20100110/bin/../lib/gcc/avr/7.1.0/avr6\libgcc.a(_udivmodqi4.o)
                0x0003fbd0                __udivmodqi4
 .text.libgcc.div
                0x0003fbe8       0x44 c:/winavr-20100110/bin/../lib/gcc/avr/7.1.0/avr6\libgcc.a(_udivmodsi4.o)
                0x0003fbe8                __udivmodsi4
 .text.libgcc.mul
                0x0003fc2c       0x1e c:/winavr-20100110/bin/../lib/gcc/avr/7.1.0/avr6\libgcc.a(_umulhisi3.o)
                0x0003fc2c                __umulhisi3
 .text.libgcc.mul
                0x0003fc4a       0x14 c:/winavr-20100110/bin/../lib/gcc/avr/7.1.0/avr6\libgcc.a(_muluhisi3.o)
                0x0003fc4a                __muluhisi3
 .text.avr-libc
                0x0003fc5e       0x1a c:/winavr-20100110/bin/../lib/gcc/avr/7.1.0/../../../../avr/lib/avr6\libc.a(memcmp.o)
                0x0003fc5e                memcmp
 .text.avr-libc
                0x0003fc78        0xe c:/winavr-20100110/bin/../lib/gcc/avr/7.1.0/../../../../avr/lib/avr6\libc.a(memset.o)
                0x0003fc78                memset
                0x0003fc86                . = ALIGN (0x2)
 *(.fini9)
 .fini9         0x0003fc86        0x0 c:/winavr-20100110/bin/../lib/gcc/avr/7.1.0/avr6\libgcc.a(_exit.o)
                0x0003fc86                _exit
                0x0003fc86                exit
 *(.fini9)
 *(.fini8)
 *(.fini8)
 *(.fini7)
 *(.fini7)
 *(.fini6)
 *(.fini6)
 *(.fini5)
 *(.fini5)
 *(.fini4)
 *(.fini4)
 *(.fini3)
 *(.fini3)
 *(.fini2)
 *(.fini2)
 *(.fini1)
 *(.fini1)
 *(.fini0)
 .fini0         0x0003fc86        0x4 c:/winavr-20100110/bin/../lib/gcc/avr/7.1.0/avr6\libgcc.a(_exit.o)
 *(.fini0)
                0x0003fc8a                _etext = .

.data           0x00800200      0x258 load address 0x0003fc8a
                0x00800200                PROVIDE (__data_start, .)
 *(.data)
 *(.data*)
 *(.rodata)
 .rodata        0x00800200       0x20 ./src/main.o
 .rodata        0x00800220       0x24 ./src/sha1.o
 *(.rodata*)
 .rodata.Rcon   0x00800244        0xb ./src/aes.o
 .rodata.rsbox  0x0080024f      0x100 ./src/aes.o
 .rodata.sbox   0x0080034f      0x100 ./src/aes.o
 .rodata.SDInit.str1.1
                0x0080044f        0x8 ./src/sdFile.o
 *(.gnu.linkonce.d*)
                0x00800458                . = ALIGN (0x2)
 *fill*         0x00800457        0x1 
                0x00800458                _edata = .
                0x00800458                PROVIDE (__data_end, .)

.bss            0x00800458      0x11e
                0x00800458                PROVIDE (__bss_start, .)
 *(.bss)
 *(.bss*)
 .bss.Iv        0x00800458        0x2 ./src/aes.o
 .bss.Key       0x0080045a        0x2 ./src/aes.o
 .bss.RoundKey  0x0080045c       0xf0 ./src/aes.o
 .bss.state     0x0080054c        0x2 ./src/aes.o
 .bss.FatFs     0x0080054e        0x2 ./src/pff.o
 *(COMMON)
 COMMON         0x00800550        0x1 ./src/main.o
                0x00800550                dataSource
 COMMON         0x00800551        0x1 ./src/mmc.o
                0x00800551                CardType
 COMMON         0x00800552       0x24 ./src/sdFile.o
                0x00800552                fs
                0x00800576                PROVIDE (__bss_end, .)
                0x0003fc8a                __data_load_start = LOADADDR (.data)
                0x0003fee2                __data_load_end = (__data_load_start + SIZEOF (.data))

.noinit         0x00800576        0x0
                [!provide]                PROVIDE (__noinit_start, .)
 *(.noinit*)
                [!provide]                PROVIDE (__noinit_end, .)
                0x00800576                _end = .
                [!provide]                PROVIDE (__heap_start, .)

.eeprom         0x00810000        0x0
 *(.eeprom*)
                0x00810000                __eeprom_end = .

.fuse
 *(.fuse)
 *(.lfuse)
 *(.hfuse)
 *(.efuse)

.lock
 *(.lock*)

.signature
 *(.signature*)

.stab
 *(.stab)

.stabstr
 *(.stabstr)

.stab.excl
 *(.stab.excl)

.stab.exclstr
 *(.stab.exclstr)

.stab.index
 *(.stab.index)

.stab.indexstr
 *(.stab.indexstr)

.comment        0x00000000       0x11
 *(.comment)
 .comment       0x00000000       0x11 ./src/aes.o
                                 0x12 (size before relaxing)
 .comment       0x00000011       0x12 ./src/crc.o
 .comment       0x00000011       0x12 ./src/jedecFlash.o
 .comment       0x00000011       0x12 ./src/main.o
 .comment       0x00000011       0x12 ./src/mmc.o
 .comment       0x00000011       0x12 ./src/pff.o
 .comment       0x00000011       0x12 ./src/sdFile.o
 .comment       0x00000011       0x12 ./src/sha1.o
 .comment       0x00000011       0x12 ./src/spi.o
 .comment       0x00000011       0x12 ./src/usart.o

.note.gnu.avr.deviceinfo
                0x00000000       0x40
 .note.gnu.avr.deviceinfo
                0x00000000       0x40 c:/winavr-20100110/bin/../lib/gcc/avr/7.1.0/../../../../avr/lib/avr6/crtatmega2560.o

.note.gnu.build-id
 *(.note.gnu.build-id)

.debug
 *(.debug)

.line
 *(.line)

.debug_srcinfo
 *(.debug_srcinfo)

.debug_sfnames
 *(.debug_sfnames)

.debug_aranges  0x00000000      0x380
 *(.debug_aranges)
 .debug_aranges
                0x00000000       0x78 ./src/aes.o
 .debug_aranges
                0x00000078       0x20 ./src/crc.o
 .debug_aranges
                0x00000098       0x70 ./src/jedecFlash.o
 .debug_aranges
                0x00000108       0x38 ./src/main.o
 .debug_aranges
                0x00000140       0x30 ./src/mmc.o
 .debug_aranges
                0x00000170       0x50 ./src/pff.o
 .debug_aranges
                0x000001c0       0x28 ./src/sdFile.o
 .debug_aranges
                0x000001e8       0x48 ./src/sha1.o
 .debug_aranges
                0x00000230       0x30 ./src/spi.o
 .debug_aranges
                0x00000260       0x40 ./src/usart.o
 .debug_aranges
                0x000002a0       0x20 c:/winavr-20100110/bin/../lib/gcc/avr/7.1.0/avr6\libgcc.a(_udivmodqi4.o)
 .debug_aranges
                0x000002c0       0x20 c:/winavr-20100110/bin/../lib/gcc/avr/7.1.0/avr6\libgcc.a(_udivmodsi4.o)
 .debug_aranges
                0x000002e0       0x20 c:/winavr-20100110/bin/../lib/gcc/avr/7.1.0/avr6\libgcc.a(_exit.o)
 .debug_aranges
                0x00000300       0x20 c:/winavr-20100110/bin/../lib/gcc/avr/7.1.0/avr6\libgcc.a(_copy_data.o)
 .debug_aranges
                0x00000320       0x20 c:/winavr-20100110/bin/../lib/gcc/avr/7.1.0/avr6\libgcc.a(_clear_bss.o)
 .debug_aranges
                0x00000340       0x20 c:/winavr-20100110/bin/../lib/gcc/avr/7.1.0/avr6\libgcc.a(_umulhisi3.o)
 .debug_aranges
                0x00000360       0x20 c:/winavr-20100110/bin/../lib/gcc/avr/7.1.0/avr6\libgcc.a(_muluhisi3.o)

.debug_pubnames
 *(.debug_pubnames)

.debug_info     0x00000000     0x4742
 *(.debug_info .gnu.linkonce.wi.*)
 .debug_info    0x00000000      0xbbc c:/winavr-20100110/bin/../lib/gcc/avr/7.1.0/../../../../avr/lib/avr6/crtatmega2560.o
 .debug_info    0x00000bbc      0x9b1 ./src/aes.o
 .debug_info    0x0000156d       0xc7 ./src/crc.o
 .debug_info    0x00001634      0x4db ./src/jedecFlash.o
 .debug_info    0x00001b0f      0x9f5 ./src/main.o
 .debug_info    0x00002504      0x629 ./src/mmc.o
 .debug_info    0x00002b2d      0xae5 ./src/pff.o
 .debug_info    0x00003612      0x32b ./src/sdFile.o
 .debug_info    0x0000393d      0x47b ./src/sha1.o
 .debug_info    0x00003db8       0xc5 ./src/spi.o
 .debug_info    0x00003e7d      0x57d ./src/usart.o
 .debug_info    0x000043fa       0x78 c:/winavr-20100110/bin/../lib/gcc/avr/7.1.0/avr6\libgcc.a(_udivmodqi4.o)
 .debug_info    0x00004472       0x78 c:/winavr-20100110/bin/../lib/gcc/avr/7.1.0/avr6\libgcc.a(_udivmodsi4.o)
 .debug_info    0x000044ea       0x78 c:/winavr-20100110/bin/../lib/gcc/avr/7.1.0/avr6\libgcc.a(_exit.o)
 .debug_info    0x00004562       0x78 c:/winavr-20100110/bin/../lib/gcc/avr/7.1.0/avr6\libgcc.a(_copy_data.o)
 .debug_info    0x000045da       0x78 c:/winavr-20100110/bin/../lib/gcc/avr/7.1.0/avr6\libgcc.a(_clear_bss.o)
 .debug_info    0x00004652       0x78 c:/winavr-20100110/bin/../lib/gcc/avr/7.1.0/avr6\libgcc.a(_umulhisi3.o)
 .debug_info    0x000046ca       0x78 c:/winavr-20100110/bin/../lib/gcc/avr/7.1.0/avr6\libgcc.a(_muluhisi3.o)

.debug_abbrev   0x00000000     0x1b6f
 *(.debug_abbrev)
 .debug_abbrev  0x00000000      0xb1a c:/winavr-20100110/bin/../lib/gcc/avr/7.1.0/../../../../avr/lib/avr6/crtatmega2560.o
 .debug_abbrev  0x00000b1a      0x20f ./src/aes.o
 .debug_abbrev  0x00000d29       0x7a ./src/crc.o
 .debug_abbrev  0x00000da3      0x1a3 ./src/jedecFlash.o
 .debug_abbrev  0x00000f46      0x2a2 ./src/main.o
 .debug_abbrev  0x000011e8      0x1da ./src/mmc.o
 .debug_abbrev  0x000013c2      0x254 ./src/pff.o
 .debug_abbrev  0x00001616      0x122 ./src/sdFile.o
 .debug_abbrev  0x00001738      0x17c ./src/sha1.o
 .debug_abbrev  0x000018b4       0x7a ./src/spi.o
 .debug_abbrev  0x0000192e      0x1b5 ./src/usart.o
 .debug_abbrev  0x00001ae3       0x14 c:/winavr-20100110/bin/../lib/gcc/avr/7.1.0/avr6\libgcc.a(_udivmodqi4.o)
 .debug_abbrev  0x00001af7       0x14 c:/winavr-20100110/bin/../lib/gcc/avr/7.1.0/avr6\libgcc.a(_udivmodsi4.o)
 .debug_abbrev  0x00001b0b       0x14 c:/winavr-20100110/bin/../lib/gcc/avr/7.1.0/avr6\libgcc.a(_exit.o)
 .debug_abbrev  0x00001b1f       0x14 c:/winavr-20100110/bin/../lib/gcc/avr/7.1.0/avr6\libgcc.a(_copy_data.o)
 .debug_abbrev  0x00001b33       0x14 c:/winavr-20100110/bin/../lib/gcc/avr/7.1.0/avr6\libgcc.a(_clear_bss.o)
 .debug_abbrev  0x00001b47       0x14 c:/winavr-20100110/bin/../lib/gcc/avr/7.1.0/avr6\libgcc.a(_umulhisi3.o)
 .debug_abbrev  0x00001b5b       0x14 c:/winavr-20100110/bin/../lib/gcc/avr/7.1.0/avr6\libgcc.a(_muluhisi3.o)

.debug_line     0x00000000     0x24e4
 *(.debug_line .debug_line.* .debug_line_end)
 .debug_line    0x00000000       0x1d c:/winavr-20100110/bin/../lib/gcc/avr/7.1.0/../../../../avr/lib/avr6/crtatmega2560.o
 .debug_line    0x0000001d      0x587 ./src/aes.o
 .debug_line    0x000005a4       0xc5 ./src/crc.o
 .debug_line    0x00000669      0x386 ./src/jedecFlash.o
 .debug_line    0x000009ef      0x4bb ./src/main.o
 .debug_line    0x00000eaa      0x323 ./src/mmc.o
 .debug_line    0x000011cd      0x5a7 ./src/pff.o
 .debug_line    0x00001774      0x14c ./src/sdFile.o
 .debug_line    0x000018c0      0x375 ./src/sha1.o
 .debug_line    0x00001c35      0x111 ./src/spi.o
 .debug_line    0x00001d46      0x317 ./src/usart.o
 .debug_line    0x0000205d       0x9d c:/winavr-20100110/bin/../lib/gcc/avr/7.1.0/avr6\libgcc.a(_udivmodqi4.o)
 .debug_line    0x000020fa      0x121 c:/winavr-20100110/bin/../lib/gcc/avr/7.1.0/avr6\libgcc.a(_udivmodsi4.o)
 .debug_line    0x0000221b       0x61 c:/winavr-20100110/bin/../lib/gcc/avr/7.1.0/avr6\libgcc.a(_exit.o)
 .debug_line    0x0000227c       0xa3 c:/winavr-20100110/bin/../lib/gcc/avr/7.1.0/avr6\libgcc.a(_copy_data.o)
 .debug_line    0x0000231f       0x85 c:/winavr-20100110/bin/../lib/gcc/avr/7.1.0/avr6\libgcc.a(_clear_bss.o)
 .debug_line    0x000023a4       0xaf c:/winavr-20100110/bin/../lib/gcc/avr/7.1.0/avr6\libgcc.a(_umulhisi3.o)
 .debug_line    0x00002453       0x91 c:/winavr-20100110/bin/../lib/gcc/avr/7.1.0/avr6\libgcc.a(_muluhisi3.o)

.debug_frame    0x00000000      0x9a8
 *(.debug_frame)
 .debug_frame   0x00000000      0x234 ./src/aes.o
 .debug_frame   0x00000234       0x24 ./src/crc.o
 .debug_frame   0x00000258      0x16c ./src/jedecFlash.o
 .debug_frame   0x000003c4       0xe0 ./src/main.o
 .debug_frame   0x000004a4       0xb8 ./src/mmc.o
 .debug_frame   0x0000055c      0x1b4 ./src/pff.o
 .debug_frame   0x00000710       0x58 ./src/sdFile.o
 .debug_frame   0x00000768      0x13c ./src/sha1.o
 .debug_frame   0x000008a4       0x44 ./src/spi.o
 .debug_frame   0x000008e8       0xc0 ./src/usart.o

.debug_str      0x00000000      0xe17
 *(.debug_str)
 .debug_str     0x00000000      0x3e6 c:/winavr-20100110/bin/../lib/gcc/avr/7.1.0/../../../../avr/lib/avr6/crtatmega2560.o
 .debug_str     0x000003e6      0x29e ./src/aes.o
                                0x313 (size before relaxing)
 .debug_str     0x00000684       0x3e ./src/crc.o
                                0x1cb (size before relaxing)
 .debug_str     0x000006c2      0x159 ./src/jedecFlash.o
                                0x2f7 (size before relaxing)
 .debug_str     0x0000081b      0x20d ./src/main.o
                                0x465 (size before relaxing)
 .debug_str     0x00000a28       0xd9 ./src/mmc.o
                                0x2b8 (size before relaxing)
 .debug_str     0x00000b01      0x1c0 ./src/pff.o
                                0x3ea (size before relaxing)
 .debug_str     0x00000cc1       0x41 ./src/sdFile.o
                                0x31d (size before relaxing)
 .debug_str     0x00000d02       0x68 ./src/sha1.o
                                0x28a (size before relaxing)
 .debug_str     0x00000d6a       0x3e ./src/spi.o
                                0x1e1 (size before relaxing)
 .debug_str     0x00000da8       0x6f ./src/usart.o
                                0x281 (size before relaxing)

.debug_loc      0x00000000     0x377b
 *(.debug_loc)
 .debug_loc     0x00000000      0xd83 ./src/aes.o
 .debug_loc     0x00000d83       0x87 ./src/crc.o
 .debug_loc     0x00000e0a      0x498 ./src/jedecFlash.o
 .debug_loc     0x000012a2      0x614 ./src/main.o
 .debug_loc     0x000018b6      0x5af ./src/mmc.o
 .debug_loc     0x00001e65      0xce3 ./src/pff.o
 .debug_loc     0x00002b48      0x1ac ./src/sdFile.o
 .debug_loc     0x00002cf4      0x6fd ./src/sha1.o
 .debug_loc     0x000033f1       0x1e ./src/spi.o
 .debug_loc     0x0000340f      0x36c ./src/usart.o

.debug_macinfo
 *(.debug_macinfo)

.debug_weaknames
 *(.debug_weaknames)

.debug_funcnames
 *(.debug_funcnames)

.debug_typenames
 *(.debug_typenames)

.debug_varnames
 *(.debug_varnames)

.debug_pubtypes
 *(.debug_pubtypes)

.debug_ranges   0x00000000      0x368
 *(.debug_ranges)
 .debug_ranges  0x00000000       0x68 ./src/aes.o
 .debug_ranges  0x00000068       0x10 ./src/crc.o
 .debug_ranges  0x00000078       0x98 ./src/jedecFlash.o
 .debug_ranges  0x00000110       0x90 ./src/main.o
 .debug_ranges  0x000001a0       0x20 ./src/mmc.o
 .debug_ranges  0x000001c0       0xb8 ./src/pff.o
 .debug_ranges  0x00000278       0x18 ./src/sdFile.o
 .debug_ranges  0x00000290       0x68 ./src/sha1.o
 .debug_ranges  0x000002f8       0x20 ./src/spi.o
 .debug_ranges  0x00000318       0x50 ./src/usart.o

.debug_macro
 *(.debug_macro)

.debug_addr
 *(.debug_addr)
OUTPUT(SecureBootLoader.elf elf32-avr)
LOAD linker stubs

.FW             0x0003df00        0x0

.XMEM           0x00802200        0x0

Cross Reference Table

Symbol                                            File
AES_CBC_decrypt_buffer                            ./src/aes.o
                                                  ./src/main.o
AES_CBC_encrypt_buffer                            ./src/aes.o
AES_ECB_decrypt                                   ./src/aes.o
AES_ECB_encrypt                                   ./src/aes.o
BootLoader                                        ./src/main.o
CRC                                               ./src/crc.o
                                                  ./src/usart.o
                                                  ./src/main.o
                                                  ./src/jedecFlash.o
CardType                                          ./src/mmc.o
FlashBusy                                         ./src/jedecFlash.o
FlashCRC                                          ./src/jedecFlash.o
FlashDeInit                                       ./src/jedecFlash.o
                                                  ./src/main.o
FlashEraseBlock                                   ./src/jedecFlash.o
                                                  ./src/main.o
FlashGetCapacity                                  ./src/jedecFlash.o
FlashGetStatus1                                   ./src/jedecFlash.o
FlashInit                                         ./src/jedecFlash.o
                                                  ./src/main.o
FlashRead                                         ./src/jedecFlash.o
                                                  ./src/main.o
FlashWriteDisable                                 ./src/jedecFlash.o
FlashWriteEnable                                  ./src/jedecFlash.o
Read                                              ./src/main.o
SDInit                                            ./src/sdFile.o
                                                  ./src/main.o
SDRead                                            ./src/sdFile.o
                                                  ./src/main.o
SPIDeInit                                         ./src/spi.o
                                                  ./src/main.o
SPIInit                                           ./src/spi.o
                                                  ./src/mmc.o
                                                  ./src/main.o
SPIXfer                                           ./src/spi.o
                                                  ./src/mmc.o
                                                  ./src/jedecFlash.o
SPIXfer3                                          ./src/jedecFlash.o
UartDeInit                                        ./src/usart.o
                                                  ./src/main.o
UartGetC                                          ./src/usart.o
UartInit                                          ./src/usart.o
                                                  ./src/main.o
UartPutC                                          ./src/usart.o
UartRead                                          ./src/usart.o
                                                  ./src/main.o
__bad_interrupt                                   c:/winavr-20100110/bin/../lib/gcc/avr/7.1.0/../../../../avr/lib/avr6/crtatmega2560.o
__bss_end                                         c:/winavr-20100110/bin/../lib/gcc/avr/7.1.0/avr6\libgcc.a(_clear_bss.o)
__bss_start                                       c:/winavr-20100110/bin/../lib/gcc/avr/7.1.0/avr6\libgcc.a(_clear_bss.o)
__data_end                                        c:/winavr-20100110/bin/../lib/gcc/avr/7.1.0/avr6\libgcc.a(_copy_data.o)
__data_load_start                                 c:/winavr-20100110/bin/../lib/gcc/avr/7.1.0/avr6\libgcc.a(_copy_data.o)
__data_start                                      c:/winavr-20100110/bin/../lib/gcc/avr/7.1.0/avr6\libgcc.a(_copy_data.o)
__do_clear_bss                                    c:/winavr-20100110/bin/../lib/gcc/avr/7.1.0/avr6\libgcc.a(_clear_bss.o)
                                                  ./src/sdFile.o
                                                  ./src/pff.o
                                                  ./src/mmc.o
                                                  ./src/main.o
                                                  ./src/aes.o
__do_copy_data                                    c:/winavr-20100110/bin/../lib/gcc/avr/7.1.0/avr6\libgcc.a(_copy_data.o)
                                                  ./src/sha1.o
                                                  ./src/sdFile.o
                                                  ./src/main.o
                                                  ./src/aes.o
__heap_end                                        c:/winavr-20100110/bin/../lib/gcc/avr/7.1.0/../../../../avr/lib/avr6/crtatmega2560.o
__init                                            c:/winavr-20100110/bin/../lib/gcc/avr/7.1.0/../../../../avr/lib/avr6/crtatmega2560.o
__muluhisi3                                       c:/winavr-20100110/bin/../lib/gcc/avr/7.1.0/avr6\libgcc.a(_muluhisi3.o)
                                                  ./src/pff.o
__stack                                           c:/winavr-20100110/bin/../lib/gcc/avr/7.1.0/../../../../avr/lib/avr6/crtatmega2560.o
__udivmodqi4                                      c:/winavr-20100110/bin/../lib/gcc/avr/7.1.0/avr6\libgcc.a(_udivmodqi4.o)
                                                  ./src/sha1.o
__udivmodsi4                                      c:/winavr-20100110/bin/../lib/gcc/avr/7.1.0/avr6\libgcc.a(_udivmodsi4.o)
                                                  ./src/pff.o
__umulhisi3                                       c:/winavr-20100110/bin/../lib/gcc/avr/7.1.0/avr6\libgcc.a(_umulhisi3.o)
                                                  c:/winavr-20100110/bin/../lib/gcc/avr/7.1.0/avr6\libgcc.a(_muluhisi3.o)
                                                  ./src/pff.o
__vector_1                                        c:/winavr-20100110/bin/../lib/gcc/avr/7.1.0/../../../../avr/lib/avr6/crtatmega2560.o
__vector_10                                       c:/winavr-20100110/bin/../lib/gcc/avr/7.1.0/../../../../avr/lib/avr6/crtatmega2560.o
__vector_11                                       c:/winavr-20100110/bin/../lib/gcc/avr/7.1.0/../../../../avr/lib/avr6/crtatmega2560.o
__vector_12                                       c:/winavr-20100110/bin/../lib/gcc/avr/7.1.0/../../../../avr/lib/avr6/crtatmega2560.o
__vector_13                                       c:/winavr-20100110/bin/../lib/gcc/avr/7.1.0/../../../../avr/lib/avr6/crtatmega2560.o
__vector_14                                       c:/winavr-20100110/bin/../lib/gcc/avr/7.1.0/../../../../avr/lib/avr6/crtatmega2560.o
__vector_15                                       c:/winavr-20100110/bin/../lib/gcc/avr/7.1.0/../../../../avr/lib/avr6/crtatmega2560.o
__vector_16                                       c:/winavr-20100110/bin/../lib/gcc/avr/7.1.0/../../../../avr/lib/avr6/crtatmega2560.o
__vector_17                                       c:/winavr-20100110/bin/../lib/gcc/avr/7.1.0/../../../../avr/lib/avr6/crtatmega2560.o
__vector_18                                       c:/winavr-20100110/bin/../lib/gcc/avr/7.1.0/../../../../avr/lib/avr6/crtatmega2560.o
__vector_19                                       c:/winavr-20100110/bin/../lib/gcc/avr/7.1.0/../../../../avr/lib/avr6/crtatmega2560.o
__vector_2                                        c:/winavr-20100110/bin/../lib/gcc/avr/7.1.0/../../../../avr/lib/avr6/crtatmega2560.o
__vector_20                                       c:/winavr-20100110/bin/../lib/gcc/avr/7.1.0/../../../../avr/lib/avr6/crtatmega2560.o
__vector_21                                       c:/winavr-20100110/bin/../lib/gcc/avr/7.1.0/../../../../avr/lib/avr6/crtatmega2560.o
__vector_22                                       c:/winavr-20100110/bin/../lib/gcc/avr/7.1.0/../../../../avr/lib/avr6/crtatmega2560.o
__vector_23                                       c:/winavr-20100110/bin/../lib/gcc/avr/7.1.0/../../../../avr/lib/avr6/crtatmega2560.o
__vector_24                                       c:/winavr-20100110/bin/../lib/gcc/avr/7.1.0/../../../../avr/lib/avr6/crtatmega2560.o
__vector_25                                       c:/winavr-20100110/bin/../lib/gcc/avr/7.1.0/../../../../avr/lib/avr6/crtatmega2560.o
__vector_26                                       c:/winavr-20100110/bin/../lib/gcc/avr/7.1.0/../../../../avr/lib/avr6/crtatmega2560.o
__vector_27                                       c:/winavr-20100110/bin/../lib/gcc/avr/7.1.0/../../../../avr/lib/avr6/crtatmega2560.o
__vector_28                                       c:/winavr-20100110/bin/../lib/gcc/avr/7.1.0/../../../../avr/lib/avr6/crtatmega2560.o
__vector_29                                       c:/winavr-20100110/bin/../lib/gcc/avr/7.1.0/../../../../avr/lib/avr6/crtatmega2560.o
__vector_3                                        c:/winavr-20100110/bin/../lib/gcc/avr/7.1.0/../../../../avr/lib/avr6/crtatmega2560.o
__vector_30                                       c:/winavr-20100110/bin/../lib/gcc/avr/7.1.0/../../../../avr/lib/avr6/crtatmega2560.o
__vector_31                                       c:/winavr-20100110/bin/../lib/gcc/avr/7.1.0/../../../../avr/lib/avr6/crtatmega2560.o
__vector_32                                       c:/winavr-20100110/bin/../lib/gcc/avr/7.1.0/../../../../avr/lib/avr6/crtatmega2560.o
__vector_33                                       c:/winavr-20100110/bin/../lib/gcc/avr/7.1.0/../../../../avr/lib/avr6/crtatmega2560.o
__vector_34                                       c:/winavr-20100110/bin/../lib/gcc/avr/7.1.0/../../../../avr/lib/avr6/crtatmega2560.o
__vector_35                                       c:/winavr-20100110/bin/../lib/gcc/avr/7.1.0/../../../../avr/lib/avr6/crtatmega2560.o
__vector_36                                       c:/winavr-20100110/bin/../lib/gcc/avr/7.1.0/../../../../avr/lib/avr6/crtatmega2560.o
__vector_37                                       c:/winavr-20100110/bin/../lib/gcc/avr/7.1.0/../../../../avr/lib/avr6/crtatmega2560.o
__vector_38                                       c:/winavr-20100110/bin/../lib/gcc/avr/7.1.0/../../../../avr/lib/avr6/crtatmega2560.o
__vector_39                                       c:/winavr-20100110/bin/../lib/gcc/avr/7.1.0/../../../../avr/lib/avr6/crtatmega2560.o
__vector_4                                        c:/winavr-20100110/bin/../lib/gcc/avr/7.1.0/../../../../avr/lib/avr6/crtatmega2560.o
__vector_40                                       c:/winavr-20100110/bin/../lib/gcc/avr/7.1.0/../../../../avr/lib/avr6/crtatmega2560.o
__vector_41                                       c:/winavr-20100110/bin/../lib/gcc/avr/7.1.0/../../../../avr/lib/avr6/crtatmega2560.o
__vector_42                                       c:/winavr-20100110/bin/../lib/gcc/avr/7.1.0/../../../../avr/lib/avr6/crtatmega2560.o
__vector_43                                       c:/winavr-20100110/bin/../lib/gcc/avr/7.1.0/../../../../avr/lib/avr6/crtatmega2560.o
__vector_44                                       c:/winavr-20100110/bin/../lib/gcc/avr/7.1.0/../../../../avr/lib/avr6/crtatmega2560.o
__vector_45                                       c:/winavr-20100110/bin/../lib/gcc/avr/7.1.0/../../../../avr/lib/avr6/crtatmega2560.o
__vector_46                                       c:/winavr-20100110/bin/../lib/gcc/avr/7.1.0/../../../../avr/lib/avr6/crtatmega2560.o
__vector_47                                       c:/winavr-20100110/bin/../lib/gcc/avr/7.1.0/../../../../avr/lib/avr6/crtatmega2560.o
__vector_48                                       c:/winavr-20100110/bin/../lib/gcc/avr/7.1.0/../../../../avr/lib/avr6/crtatmega2560.o
__vector_49                                       c:/winavr-20100110/bin/../lib/gcc/avr/7.1.0/../../../../avr/lib/avr6/crtatmega2560.o
__vector_5                                        c:/winavr-20100110/bin/../lib/gcc/avr/7.1.0/../../../../avr/lib/avr6/crtatmega2560.o
__vector_50                                       c:/winavr-20100110/bin/../lib/gcc/avr/7.1.0/../../../../avr/lib/avr6/crtatmega2560.o
__vector_51                                       c:/winavr-20100110/bin/../lib/gcc/avr/7.1.0/../../../../avr/lib/avr6/crtatmega2560.o
__vector_52                                       c:/winavr-20100110/bin/../lib/gcc/avr/7.1.0/../../../../avr/lib/avr6/crtatmega2560.o
__vector_53                                       c:/winavr-20100110/bin/../lib/gcc/avr/7.1.0/../../../../avr/lib/avr6/crtatmega2560.o
__vector_54                                       c:/winavr-20100110/bin/../lib/gcc/avr/7.1.0/../../../../avr/lib/avr6/crtatmega2560.o
__vector_55                                       c:/winavr-20100110/bin/../lib/gcc/avr/7.1.0/../../../../avr/lib/avr6/crtatmega2560.o
__vector_56                                       c:/winavr-20100110/bin/../lib/gcc/avr/7.1.0/../../../../avr/lib/avr6/crtatmega2560.o
__vector_6                                        c:/winavr-20100110/bin/../lib/gcc/avr/7.1.0/../../../../avr/lib/avr6/crtatmega2560.o
__vector_7                                        c:/winavr-20100110/bin/../lib/gcc/avr/7.1.0/../../../../avr/lib/avr6/crtatmega2560.o
__vector_8                                        c:/winavr-20100110/bin/../lib/gcc/avr/7.1.0/../../../../avr/lib/avr6/crtatmega2560.o
__vector_9                                        c:/winavr-20100110/bin/../lib/gcc/avr/7.1.0/../../../../avr/lib/avr6/crtatmega2560.o
__vector_default                                  c:/winavr-20100110/bin/../lib/gcc/avr/7.1.0/../../../../avr/lib/avr6/crtatmega2560.o
__vectors                                         c:/winavr-20100110/bin/../lib/gcc/avr/7.1.0/../../../../avr/lib/avr6/crtatmega2560.o
_exit                                             c:/winavr-20100110/bin/../lib/gcc/avr/7.1.0/avr6\libgcc.a(_exit.o)
aesIVSize                                         ./src/main.o
aesIvAddress                                      ./src/main.o
boot_program_page                                 ./src/main.o
dataSource                                        ./src/main.o
disk_initialize                                   ./src/mmc.o
                                                  ./src/pff.o
disk_readp                                        ./src/mmc.o
                                                  ./src/pff.o
exit                                              c:/winavr-20100110/bin/../lib/gcc/avr/7.1.0/avr6\libgcc.a(_exit.o)
                                                  c:/winavr-20100110/bin/../lib/gcc/avr/7.1.0/../../../../avr/lib/avr6/crtatmega2560.o
fileIDAddress                                     ./src/main.o
fileIDSize                                        ./src/main.o
firmwareAddress                                   ./src/main.o
firmwareSize                                      ./src/main.o
flashEraseBlockSize                               ./src/main.o
flashOffset                                       ./src/main.o
fs                                                ./src/sdFile.o
main                                              ./src/main.o
                                                  c:/winavr-20100110/bin/../lib/gcc/avr/7.1.0/../../../../avr/lib/avr6/crtatmega2560.o
memcmp                                            c:/winavr-20100110/bin/../lib/gcc/avr/7.1.0/../../../../avr/lib/avr6\libc.a(memcmp.o)
                                                  ./src/pff.o
                                                  ./src/main.o
memcpy                                            c:/winavr-20100110/bin/../lib/gcc/avr/7.1.0/../../../../avr/lib/avr6\libc.a(memcpy.o)
                                                  ./src/aes.o
memset                                            c:/winavr-20100110/bin/../lib/gcc/avr/7.1.0/../../../../avr/lib/avr6\libc.a(memset.o)
                                                  ./src/pff.o
pf_mount                                          ./src/pff.o
                                                  ./src/sdFile.o
pf_open                                           ./src/pff.o
                                                  ./src/sdFile.o
pf_read                                           ./src/pff.o
                                                  ./src/sdFile.o
sha1_final                                        ./src/sha1.o
                                                  ./src/main.o
sha1_helper                                       ./src/sha1.o
sha1_init                                         ./src/sha1.o
                                                  ./src/main.o
sha1_transform                                    ./src/sha1.o
sha1_update                                       ./src/sha1.o
                                                  ./src/main.o
sha_pad                                           ./src/sha1.o
signatureAddress                                  ./src/main.o
signatureSize                                     ./src/main.o
